Executing (default): SELECT 1+1 AS result
Executing (default): SELECT table_name FROM information_schema.tables WHERE table_schema = 'public' AND table_name = 'egresses'
Executing (default): SELECT table_name FROM information_schema.tables WHERE table_schema = 'public' AND table_name = 'responsables_catalog'
Executing (default): SELECT "id", "name", "number", "email", "password", "role", "createdAt", "updatedAt", "deletedAt" FROM "users" AS "user" WHERE ("user"."deletedAt" IS NULL);
Γ£à Conexi├│n exitosa a PostgreSQL (Local)
Executing (default): SELECT table_name FROM information_schema.tables WHERE table_schema = 'public' AND table_name = 'users'
Testing with user: ludmi@gamil.com [ID: 5] [Current Role: user]
Attempting to change role to: admin
Executing (default): UPDATE "users" SET "role"=$1,"updatedAt"=$2 WHERE ("deletedAt" IS NULL AND "id" = $3)
Executing (default): SELECT pk.constraint_type as "Constraint",c.column_name as "Field", c.column_default as "Default",c.is_nullable as "Null", (CASE WHEN c.udt_name = 'hstore' THEN c.udt_name ELSE c.data_type END) || (CASE WHEN c.character_maximum_length IS NOT NULL THEN '(' || c.character_maximum_length || ')' ELSE '' END) as "Type", (SELECT array_agg(e.enumlabel) FROM pg_catalog.pg_type t JOIN pg_catalog.pg_enum e ON t.oid=e.enumtypid WHERE t.typname=c.udt_name) AS "special", (SELECT pgd.description FROM pg_catalog.pg_statio_all_tables AS st INNER JOIN pg_catalog.pg_description pgd on (pgd.objoid=st.relid) WHERE c.ordinal_position=pgd.objsubid AND c.table_name=st.relname) AS "Comment" FROM information_schema.columns c LEFT JOIN (SELECT tc.table_schema, tc.table_name, cu.column_name, tc.constraint_type FROM information_schema.TABLE_CONSTRAINTS tc JOIN information_schema.KEY_COLUMN_USAGE  cu ON tc.table_schema=cu.table_schema and tc.table_name=cu.table_name and tc.constraint_name=cu.constraint_name and tc.constraint_type='PRIMARY KEY') pk ON pk.table_schema=c.table_schema AND pk.table_name=c.table_name AND pk.column_name=c.column_name WHERE c.table_name = 'egresses' AND c.table_schema = 'public'
Executing (default): SELECT DISTINCT tc.constraint_name as constraint_name, tc.constraint_schema as constraint_schema, tc.constraint_catalog as constraint_catalog, tc.table_name as table_name,tc.table_schema as table_schema,tc.table_catalog as table_catalog,tc.initially_deferred as initially_deferred,tc.is_deferrable as is_deferrable,kcu.column_name as column_name,ccu.table_schema  AS referenced_table_schema,ccu.table_catalog  AS referenced_table_catalog,ccu.table_name  AS referenced_table_name,ccu.column_name AS referenced_column_name FROM information_schema.table_constraints AS tc JOIN information_schema.key_column_usage AS kcu ON tc.constraint_name = kcu.constraint_name JOIN information_schema.constraint_column_usage AS ccu ON ccu.constraint_name = tc.constraint_name WHERE constraint_type = 'FOREIGN KEY' AND tc.table_name = 'egresses' AND tc.table_catalog = 'fedeCell'
Executing (default): SELECT pk.constraint_type as "Constraint",c.column_name as "Field", c.column_default as "Default",c.is_nullable as "Null", (CASE WHEN c.udt_name = 'hstore' THEN c.udt_name ELSE c.data_type END) || (CASE WHEN c.character_maximum_length IS NOT NULL THEN '(' || c.character_maximum_length || ')' ELSE '' END) as "Type", (SELECT array_agg(e.enumlabel) FROM pg_catalog.pg_type t JOIN pg_catalog.pg_enum e ON t.oid=e.enumtypid WHERE t.typname=c.udt_name) AS "special", (SELECT pgd.description FROM pg_catalog.pg_statio_all_tables AS st INNER JOIN pg_catalog.pg_description pgd on (pgd.objoid=st.relid) WHERE c.ordinal_position=pgd.objsubid AND c.table_name=st.relname) AS "Comment" FROM information_schema.columns c LEFT JOIN (SELECT tc.table_schema, tc.table_name, cu.column_name, tc.constraint_type FROM information_schema.TABLE_CONSTRAINTS tc JOIN information_schema.KEY_COLUMN_USAGE  cu ON tc.table_schema=cu.table_schema and tc.table_name=cu.table_name and tc.constraint_name=cu.constraint_name and tc.constraint_type='PRIMARY KEY') pk ON pk.table_schema=c.table_schema AND pk.table_name=c.table_name AND pk.column_name=c.column_name WHERE c.table_name = 'responsables_catalog' AND c.table_schema = 'public'
Executing (default): SELECT DISTINCT tc.constraint_name as constraint_name, tc.constraint_schema as constraint_schema, tc.constraint_catalog as constraint_catalog, tc.table_name as table_name,tc.table_schema as table_schema,tc.table_catalog as table_catalog,tc.initially_deferred as initially_deferred,tc.is_deferrable as is_deferrable,kcu.column_name as column_name,ccu.table_schema  AS referenced_table_schema,ccu.table_catalog  AS referenced_table_catalog,ccu.table_name  AS referenced_table_name,ccu.column_name AS referenced_column_name FROM information_schema.table_constraints AS tc JOIN information_schema.key_column_usage AS kcu ON tc.constraint_name = kcu.constraint_name JOIN information_schema.constraint_column_usage AS ccu ON ccu.constraint_name = tc.constraint_name WHERE constraint_type = 'FOREIGN KEY' AND tc.table_name = 'responsables_catalog' AND tc.table_catalog = 'fedeCell'
ROLE UPDATED SUCCESSFULLY FOR USER 5 TO admin
Result: { message: 'Role updated successfully', role: 'admin' }
Executing (default): SELECT pk.constraint_type as "Constraint",c.column_name as "Field", c.column_default as "Default",c.is_nullable as "Null", (CASE WHEN c.udt_name = 'hstore' THEN c.udt_name ELSE c.data_type END) || (CASE WHEN c.character_maximum_length IS NOT NULL THEN '(' || c.character_maximum_length || ')' ELSE '' END) as "Type", (SELECT array_agg(e.enumlabel) FROM pg_catalog.pg_type t JOIN pg_catalog.pg_enum e ON t.oid=e.enumtypid WHERE t.typname=c.udt_name) AS "special", (SELECT pgd.description FROM pg_catalog.pg_statio_all_tables AS st INNER JOIN pg_catalog.pg_description pgd on (pgd.objoid=st.relid) WHERE c.ordinal_position=pgd.objsubid AND c.table_name=st.relname) AS "Comment" FROM information_schema.columns c LEFT JOIN (SELECT tc.table_schema, tc.table_name, cu.column_name, tc.constraint_type FROM information_schema.TABLE_CONSTRAINTS tc JOIN information_schema.KEY_COLUMN_USAGE  cu ON tc.table_schema=cu.table_schema and tc.table_name=cu.table_name and tc.constraint_name=cu.constraint_name and tc.constraint_type='PRIMARY KEY') pk ON pk.table_schema=c.table_schema AND pk.table_name=c.table_name AND pk.column_name=c.column_name WHERE c.table_name = 'users' AND c.table_schema = 'public'
Executing (default): SELECT DISTINCT tc.constraint_name as constraint_name, tc.constraint_schema as constraint_schema, tc.constraint_catalog as constraint_catalog, tc.table_name as table_name,tc.table_schema as table_schema,tc.table_catalog as table_catalog,tc.initially_deferred as initially_deferred,tc.is_deferrable as is_deferrable,kcu.column_name as column_name,ccu.table_schema  AS referenced_table_schema,ccu.table_catalog  AS referenced_table_catalog,ccu.table_name  AS referenced_table_name,ccu.column_name AS referenced_column_name FROM information_schema.table_constraints AS tc JOIN information_schema.key_column_usage AS kcu ON tc.constraint_name = kcu.constraint_name JOIN information_schema.constraint_column_usage AS ccu ON ccu.constraint_name = tc.constraint_name WHERE constraint_type = 'FOREIGN KEY' AND tc.table_name = 'users' AND tc.table_catalog = 'fedeCell'
Executing (default): SELECT "id", "name", "number", "email", "password", "role", "createdAt", "updatedAt", "deletedAt" FROM "users" AS "user" WHERE ("user"."deletedAt" IS NULL AND "user"."id" = 5);
Updated Role in DB: admin
SUCCESS: Role updated correctly.
Executing (default): ALTER TABLE "egresses" ALTER COLUMN "monto" SET NOT NULL;ALTER TABLE "egresses" ALTER COLUMN "monto" DROP DEFAULT;ALTER TABLE "egresses" ALTER COLUMN "monto" TYPE DECIMAL(10,2);
Executing (default): ALTER TABLE "egresses" ALTER COLUMN "detalle" SET NOT NULL;ALTER TABLE "egresses" ALTER COLUMN "detalle" DROP DEFAULT;ALTER TABLE "egresses" ALTER COLUMN "detalle" TYPE VARCHAR(255);
Executing (default): ALTER TABLE "users" ALTER COLUMN "name" SET NOT NULL;ALTER TABLE "users" ALTER COLUMN "name" DROP DEFAULT;ALTER TABLE "users" ALTER COLUMN "name" TYPE VARCHAR(255);
Executing (default): ALTER TABLE "egresses" ALTER COLUMN "medio" SET NOT NULL;ALTER TABLE "egresses" ALTER COLUMN "medio" DROP DEFAULT;ALTER TABLE "egresses" ALTER COLUMN "medio" TYPE VARCHAR(255);
Executing (default): ALTER TABLE "users" ALTER COLUMN "number" SET NOT NULL;ALTER TABLE "users" ALTER COLUMN "number" DROP DEFAULT;ALTER TABLE "users" ALTER COLUMN "number" TYPE VARCHAR(255);
Executing (default): ALTER TABLE "egresses" ALTER COLUMN "fecha" SET NOT NULL;ALTER TABLE "egresses" ALTER COLUMN "fecha" DROP DEFAULT;ALTER TABLE "egresses" ALTER COLUMN "fecha" TYPE TIMESTAMP WITH TIME ZONE;
Executing (default): ALTER TABLE "users" ALTER COLUMN "email" SET NOT NULL;ALTER TABLE "users" ALTER COLUMN "email" DROP DEFAULT;ALTER TABLE "users" ALTER COLUMN "email" TYPE VARCHAR(255);
Executing (default): ALTER TABLE "egresses" ALTER COLUMN "createdAt" SET NOT NULL;ALTER TABLE "egresses" ALTER COLUMN "createdAt" DROP DEFAULT;ALTER TABLE "egresses" ALTER COLUMN "createdAt" TYPE TIMESTAMP WITH TIME ZONE;
Executing (default): ALTER TABLE "users" ALTER COLUMN "password" SET NOT NULL;ALTER TABLE "users" ALTER COLUMN "password" DROP DEFAULT;ALTER TABLE "users" ALTER COLUMN "password" TYPE VARCHAR(255);
Executing (default): ALTER TABLE "egresses" ALTER COLUMN "updatedAt" SET NOT NULL;ALTER TABLE "egresses" ALTER COLUMN "updatedAt" DROP DEFAULT;ALTER TABLE "egresses" ALTER COLUMN "updatedAt" TYPE TIMESTAMP WITH TIME ZONE;
Executing (default): ALTER TABLE "users" ALTER COLUMN "role" SET NOT NULL;ALTER TABLE "users" ALTER COLUMN "role" SET DEFAULT 'user';ALTER TABLE "users" ALTER COLUMN "role" TYPE VARCHAR(255);
Executing (default): ALTER TABLE "egresses" ALTER COLUMN "deletedAt" DROP NOT NULL;ALTER TABLE "egresses" ALTER COLUMN "deletedAt" DROP DEFAULT;ALTER TABLE "egresses" ALTER COLUMN "deletedAt" TYPE TIMESTAMP WITH TIME ZONE;
Executing (default): ALTER TABLE "egresses" ALTER COLUMN "responsable" SET NOT NULL;ALTER TABLE "egresses" ALTER COLUMN "responsable" SET DEFAULT 'ADMINISTRACION';ALTER TABLE "egresses" ALTER COLUMN "responsable" TYPE VARCHAR(255);
Executing (default): ALTER TABLE "users" ALTER COLUMN "createdAt" SET NOT NULL;ALTER TABLE "users" ALTER COLUMN "createdAt" DROP DEFAULT;ALTER TABLE "users" ALTER COLUMN "createdAt" TYPE TIMESTAMP WITH TIME ZONE;
Executing (default): ALTER TABLE "responsables_catalog" ALTER COLUMN "nombre" SET NOT NULL;ALTER TABLE "responsables_catalog" ALTER COLUMN "nombre" DROP DEFAULT;ALTER TABLE "responsables_catalog"  ADD UNIQUE ("nombre");ALTER TABLE "responsables_catalog" ALTER COLUMN "nombre" TYPE VARCHAR(255)  ;
Executing (default): SELECT i.relname AS name, ix.indisprimary AS primary, ix.indisunique AS unique, ix.indkey AS indkey, array_agg(a.attnum) as column_indexes, array_agg(a.attname) AS column_names, pg_get_indexdef(ix.indexrelid) AS definition FROM pg_class t, pg_class i, pg_index ix, pg_attribute a WHERE t.oid = ix.indrelid AND i.oid = ix.indexrelid AND a.attrelid = t.oid AND t.relkind = 'r' and t.relname = 'egresses' GROUP BY i.relname, ix.indexrelid, ix.indisprimary, ix.indisunique, ix.indkey ORDER BY i.relname;
Executing (default): ALTER TABLE "users" ALTER COLUMN "updatedAt" SET NOT NULL;ALTER TABLE "users" ALTER COLUMN "updatedAt" DROP DEFAULT;ALTER TABLE "users" ALTER COLUMN "updatedAt" TYPE TIMESTAMP WITH TIME ZONE;
Executing (default): ALTER TABLE "users" ALTER COLUMN "deletedAt" DROP NOT NULL;ALTER TABLE "users" ALTER COLUMN "deletedAt" DROP DEFAULT;ALTER TABLE "users" ALTER COLUMN "deletedAt" TYPE TIMESTAMP WITH TIME ZONE;
Executing (default): SELECT i.relname AS name, ix.indisprimary AS primary, ix.indisunique AS unique, ix.indkey AS indkey, array_agg(a.attnum) as column_indexes, array_agg(a.attname) AS column_names, pg_get_indexdef(ix.indexrelid) AS definition FROM pg_class t, pg_class i, pg_index ix, pg_attribute a WHERE t.oid = ix.indrelid AND i.oid = ix.indexrelid AND a.attrelid = t.oid AND t.relkind = 'r' and t.relname = 'users' GROUP BY i.relname, ix.indexrelid, ix.indisprimary, ix.indisunique, ix.indkey ORDER BY i.relname;
Tabla Egress actualizada (Columna responsable verificada)
Executing (default): SELECT table_name FROM information_schema.tables WHERE table_schema = 'public' AND table_name = 'carts'
Executing (default): SELECT pk.constraint_type as "Constraint",c.column_name as "Field", c.column_default as "Default",c.is_nullable as "Null", (CASE WHEN c.udt_name = 'hstore' THEN c.udt_name ELSE c.data_type END) || (CASE WHEN c.character_maximum_length IS NOT NULL THEN '(' || c.character_maximum_length || ')' ELSE '' END) as "Type", (SELECT array_agg(e.enumlabel) FROM pg_catalog.pg_type t JOIN pg_catalog.pg_enum e ON t.oid=e.enumtypid WHERE t.typname=c.udt_name) AS "special", (SELECT pgd.description FROM pg_catalog.pg_statio_all_tables AS st INNER JOIN pg_catalog.pg_description pgd on (pgd.objoid=st.relid) WHERE c.ordinal_position=pgd.objsubid AND c.table_name=st.relname) AS "Comment" FROM information_schema.columns c LEFT JOIN (SELECT tc.table_schema, tc.table_name, cu.column_name, tc.constraint_type FROM information_schema.TABLE_CONSTRAINTS tc JOIN information_schema.KEY_COLUMN_USAGE  cu ON tc.table_schema=cu.table_schema and tc.table_name=cu.table_name and tc.constraint_name=cu.constraint_name and tc.constraint_type='PRIMARY KEY') pk ON pk.table_schema=c.table_schema AND pk.table_name=c.table_name AND pk.column_name=c.column_name WHERE c.table_name = 'carts' AND c.table_schema = 'public'
Executing (default): SELECT DISTINCT tc.constraint_name as constraint_name, tc.constraint_schema as constraint_schema, tc.constraint_catalog as constraint_catalog, tc.table_name as table_name,tc.table_schema as table_schema,tc.table_catalog as table_catalog,tc.initially_deferred as initially_deferred,tc.is_deferrable as is_deferrable,kcu.column_name as column_name,ccu.table_schema  AS referenced_table_schema,ccu.table_catalog  AS referenced_table_catalog,ccu.table_name  AS referenced_table_name,ccu.column_name AS referenced_column_name FROM information_schema.table_constraints AS tc JOIN information_schema.key_column_usage AS kcu ON tc.constraint_name = kcu.constraint_name JOIN information_schema.constraint_column_usage AS ccu ON ccu.constraint_name = tc.constraint_name WHERE constraint_type = 'FOREIGN KEY' AND tc.table_name = 'carts' AND tc.table_catalog = 'fedeCell'
Executing (default): SELECT i.relname AS name, ix.indisprimary AS primary, ix.indisunique AS unique, ix.indkey AS indkey, array_agg(a.attnum) as column_indexes, array_agg(a.attname) AS column_names, pg_get_indexdef(ix.indexrelid) AS definition FROM pg_class t, pg_class i, pg_index ix, pg_attribute a WHERE t.oid = ix.indrelid AND i.oid = ix.indexrelid AND a.attrelid = t.oid AND t.relkind = 'r' and t.relname = 'responsables_catalog' GROUP BY i.relname, ix.indexrelid, ix.indisprimary, ix.indisunique, ix.indkey ORDER BY i.relname;
Executing (default): ALTER TABLE "carts" ALTER COLUMN "quantity" SET NOT NULL;ALTER TABLE "carts" ALTER COLUMN "quantity" DROP DEFAULT;ALTER TABLE "carts" ALTER COLUMN "quantity" TYPE INTEGER;
Executing (default): ALTER TABLE "carts" ALTER COLUMN "createdAt" SET NOT NULL;ALTER TABLE "carts" ALTER COLUMN "createdAt" DROP DEFAULT;ALTER TABLE "carts" ALTER COLUMN "createdAt" TYPE TIMESTAMP WITH TIME ZONE;
Executing (default): ALTER TABLE "carts" ALTER COLUMN "updatedAt" SET NOT NULL;ALTER TABLE "carts" ALTER COLUMN "updatedAt" DROP DEFAULT;ALTER TABLE "carts" ALTER COLUMN "updatedAt" TYPE TIMESTAMP WITH TIME ZONE;
Executing (default): ALTER TABLE "carts" ALTER COLUMN "deletedAt" DROP NOT NULL;ALTER TABLE "carts" ALTER COLUMN "deletedAt" DROP DEFAULT;ALTER TABLE "carts" ALTER COLUMN "deletedAt" TYPE TIMESTAMP WITH TIME ZONE;
Tabla Responsables (Cat├ílogo) actualizada
Executing (default): ALTER TABLE "carts" DROP CONSTRAINT "carts_userId_fkey"
Executing (default): ALTER TABLE "carts"  ADD FOREIGN KEY ("userId") REFERENCES "users" ("id") ON DELETE CASCADE ON UPDATE CASCADE;
Executing (default): SELECT i.relname AS name, ix.indisprimary AS primary, ix.indisunique AS unique, ix.indkey AS indkey, array_agg(a.attnum) as column_indexes, array_agg(a.attname) AS column_names, pg_get_indexdef(ix.indexrelid) AS definition FROM pg_class t, pg_class i, pg_index ix, pg_attribute a WHERE t.oid = ix.indrelid AND i.oid = ix.indexrelid AND a.attrelid = t.oid AND t.relkind = 'r' and t.relname = 'carts' GROUP BY i.relname, ix.indexrelid, ix.indisprimary, ix.indisunique, ix.indkey ORDER BY i.relname;
Executing (default): SELECT table_name FROM information_schema.tables WHERE table_schema = 'public' AND table_name = 'categories'
Executing (default): SELECT pk.constraint_type as "Constraint",c.column_name as "Field", c.column_default as "Default",c.is_nullable as "Null", (CASE WHEN c.udt_name = 'hstore' THEN c.udt_name ELSE c.data_type END) || (CASE WHEN c.character_maximum_length IS NOT NULL THEN '(' || c.character_maximum_length || ')' ELSE '' END) as "Type", (SELECT array_agg(e.enumlabel) FROM pg_catalog.pg_type t JOIN pg_catalog.pg_enum e ON t.oid=e.enumtypid WHERE t.typname=c.udt_name) AS "special", (SELECT pgd.description FROM pg_catalog.pg_statio_all_tables AS st INNER JOIN pg_catalog.pg_description pgd on (pgd.objoid=st.relid) WHERE c.ordinal_position=pgd.objsubid AND c.table_name=st.relname) AS "Comment" FROM information_schema.columns c LEFT JOIN (SELECT tc.table_schema, tc.table_name, cu.column_name, tc.constraint_type FROM information_schema.TABLE_CONSTRAINTS tc JOIN information_schema.KEY_COLUMN_USAGE  cu ON tc.table_schema=cu.table_schema and tc.table_name=cu.table_name and tc.constraint_name=cu.constraint_name and tc.constraint_type='PRIMARY KEY') pk ON pk.table_schema=c.table_schema AND pk.table_name=c.table_name AND pk.column_name=c.column_name WHERE c.table_name = 'categories' AND c.table_schema = 'public'
Executing (default): SELECT DISTINCT tc.constraint_name as constraint_name, tc.constraint_schema as constraint_schema, tc.constraint_catalog as constraint_catalog, tc.table_name as table_name,tc.table_schema as table_schema,tc.table_catalog as table_catalog,tc.initially_deferred as initially_deferred,tc.is_deferrable as is_deferrable,kcu.column_name as column_name,ccu.table_schema  AS referenced_table_schema,ccu.table_catalog  AS referenced_table_catalog,ccu.table_name  AS referenced_table_name,ccu.column_name AS referenced_column_name FROM information_schema.table_constraints AS tc JOIN information_schema.key_column_usage AS kcu ON tc.constraint_name = kcu.constraint_name JOIN information_schema.constraint_column_usage AS ccu ON ccu.constraint_name = tc.constraint_name WHERE constraint_type = 'FOREIGN KEY' AND tc.table_name = 'categories' AND tc.table_catalog = 'fedeCell'
Executing (default): ALTER TABLE "categories" ALTER COLUMN "categoryName" SET NOT NULL;ALTER TABLE "categories" ALTER COLUMN "categoryName" DROP DEFAULT;ALTER TABLE "categories" ALTER COLUMN "categoryName" TYPE VARCHAR(255);
Executing (default): ALTER TABLE "categories" ALTER COLUMN "createdAt" SET NOT NULL;ALTER TABLE "categories" ALTER COLUMN "createdAt" DROP DEFAULT;ALTER TABLE "categories" ALTER COLUMN "createdAt" TYPE TIMESTAMP WITH TIME ZONE;
Executing (default): ALTER TABLE "categories" ALTER COLUMN "updatedAt" SET NOT NULL;ALTER TABLE "categories" ALTER COLUMN "updatedAt" DROP DEFAULT;ALTER TABLE "categories" ALTER COLUMN "updatedAt" TYPE TIMESTAMP WITH TIME ZONE;
Executing (default): ALTER TABLE "categories" ALTER COLUMN "deletedAt" DROP NOT NULL;ALTER TABLE "categories" ALTER COLUMN "deletedAt" DROP DEFAULT;ALTER TABLE "categories" ALTER COLUMN "deletedAt" TYPE TIMESTAMP WITH TIME ZONE;
Executing (default): SELECT i.relname AS name, ix.indisprimary AS primary, ix.indisunique AS unique, ix.indkey AS indkey, array_agg(a.attnum) as column_indexes, array_agg(a.attname) AS column_names, pg_get_indexdef(ix.indexrelid) AS definition FROM pg_class t, pg_class i, pg_index ix, pg_attribute a WHERE t.oid = ix.indrelid AND i.oid = ix.indexrelid AND a.attrelid = t.oid AND t.relkind = 'r' and t.relname = 'categories' GROUP BY i.relname, ix.indexrelid, ix.indisprimary, ix.indisunique, ix.indkey ORDER BY i.relname;
Executing (default): SELECT table_name FROM information_schema.tables WHERE table_schema = 'public' AND table_name = 'productos'
Executing (default): SELECT pk.constraint_type as "Constraint",c.column_name as "Field", c.column_default as "Default",c.is_nullable as "Null", (CASE WHEN c.udt_name = 'hstore' THEN c.udt_name ELSE c.data_type END) || (CASE WHEN c.character_maximum_length IS NOT NULL THEN '(' || c.character_maximum_length || ')' ELSE '' END) as "Type", (SELECT array_agg(e.enumlabel) FROM pg_catalog.pg_type t JOIN pg_catalog.pg_enum e ON t.oid=e.enumtypid WHERE t.typname=c.udt_name) AS "special", (SELECT pgd.description FROM pg_catalog.pg_statio_all_tables AS st INNER JOIN pg_catalog.pg_description pgd on (pgd.objoid=st.relid) WHERE c.ordinal_position=pgd.objsubid AND c.table_name=st.relname) AS "Comment" FROM information_schema.columns c LEFT JOIN (SELECT tc.table_schema, tc.table_name, cu.column_name, tc.constraint_type FROM information_schema.TABLE_CONSTRAINTS tc JOIN information_schema.KEY_COLUMN_USAGE  cu ON tc.table_schema=cu.table_schema and tc.table_name=cu.table_name and tc.constraint_name=cu.constraint_name and tc.constraint_type='PRIMARY KEY') pk ON pk.table_schema=c.table_schema AND pk.table_name=c.table_name AND pk.column_name=c.column_name WHERE c.table_name = 'productos' AND c.table_schema = 'public'
Executing (default): SELECT DISTINCT tc.constraint_name as constraint_name, tc.constraint_schema as constraint_schema, tc.constraint_catalog as constraint_catalog, tc.table_name as table_name,tc.table_schema as table_schema,tc.table_catalog as table_catalog,tc.initially_deferred as initially_deferred,tc.is_deferrable as is_deferrable,kcu.column_name as column_name,ccu.table_schema  AS referenced_table_schema,ccu.table_catalog  AS referenced_table_catalog,ccu.table_name  AS referenced_table_name,ccu.column_name AS referenced_column_name FROM information_schema.table_constraints AS tc JOIN information_schema.key_column_usage AS kcu ON tc.constraint_name = kcu.constraint_name JOIN information_schema.constraint_column_usage AS ccu ON ccu.constraint_name = tc.constraint_name WHERE constraint_type = 'FOREIGN KEY' AND tc.table_name = 'productos' AND tc.table_catalog = 'fedeCell'
Executing (default): ALTER TABLE "productos" ALTER COLUMN "nombre" DROP NOT NULL;ALTER TABLE "productos" ALTER COLUMN "nombre" DROP DEFAULT;ALTER TABLE "productos" ALTER COLUMN "nombre" TYPE VARCHAR(255);
Executing (default): ALTER TABLE "productos" ALTER COLUMN "marca" DROP NOT NULL;ALTER TABLE "productos" ALTER COLUMN "marca" DROP DEFAULT;ALTER TABLE "productos" ALTER COLUMN "marca" TYPE VARCHAR(255);
Executing (default): ALTER TABLE "productos" ALTER COLUMN "categoria" DROP NOT NULL;ALTER TABLE "productos" ALTER COLUMN "categoria" DROP DEFAULT;ALTER TABLE "productos" ALTER COLUMN "categoria" TYPE VARCHAR(255);
Executing (default): ALTER TABLE "productos" ALTER COLUMN "origenDeVenta" DROP NOT NULL;ALTER TABLE "productos" ALTER COLUMN "origenDeVenta" DROP DEFAULT;ALTER TABLE "productos" ALTER COLUMN "origenDeVenta" TYPE VARCHAR(255);
Executing (default): ALTER TABLE "productos" ALTER COLUMN "proveedor" DROP NOT NULL;ALTER TABLE "productos" ALTER COLUMN "proveedor" DROP DEFAULT;ALTER TABLE "productos" ALTER COLUMN "proveedor" TYPE VARCHAR(255);
Executing (default): ALTER TABLE "productos" ALTER COLUMN "alerta" DROP NOT NULL;ALTER TABLE "productos" ALTER COLUMN "alerta" DROP DEFAULT;ALTER TABLE "productos" ALTER COLUMN "alerta" TYPE INTEGER;
Executing (default): ALTER TABLE "productos" ALTER COLUMN "fechaActualizacionPrecio" DROP NOT NULL;ALTER TABLE "productos" ALTER COLUMN "fechaActualizacionPrecio" DROP DEFAULT;ALTER TABLE "productos" ALTER COLUMN "fechaActualizacionPrecio" TYPE DATE;
Executing (default): ALTER TABLE "productos" ALTER COLUMN "ultimaFechaCargoStock" DROP NOT NULL;ALTER TABLE "productos" ALTER COLUMN "ultimaFechaCargoStock" DROP DEFAULT;ALTER TABLE "productos" ALTER COLUMN "ultimaFechaCargoStock" TYPE DATE;
Executing (default): ALTER TABLE "productos" ALTER COLUMN "descripcion" DROP NOT NULL;ALTER TABLE "productos" ALTER COLUMN "descripcion" DROP DEFAULT;ALTER TABLE "productos" ALTER COLUMN "descripcion" TYPE TEXT;
Executing (default): ALTER TABLE "productos" ALTER COLUMN "imagenes" DROP NOT NULL;ALTER TABLE "productos" ALTER COLUMN "imagenes" SET DEFAULT '[]';ALTER TABLE "productos" ALTER COLUMN "imagenes" TYPE JSON;
Executing (default): ALTER TABLE "productos" ALTER COLUMN "variantes" DROP NOT NULL;ALTER TABLE "productos" ALTER COLUMN "variantes" SET DEFAULT '[]';ALTER TABLE "productos" ALTER COLUMN "variantes" TYPE JSON;
Executing (default): ALTER TABLE "productos" ALTER COLUMN "createdAt" SET NOT NULL;ALTER TABLE "productos" ALTER COLUMN "createdAt" DROP DEFAULT;ALTER TABLE "productos" ALTER COLUMN "createdAt" TYPE TIMESTAMP WITH TIME ZONE;
Executing (default): ALTER TABLE "productos" ALTER COLUMN "updatedAt" SET NOT NULL;ALTER TABLE "productos" ALTER COLUMN "updatedAt" DROP DEFAULT;ALTER TABLE "productos" ALTER COLUMN "updatedAt" TYPE TIMESTAMP WITH TIME ZONE;
Executing (default): ALTER TABLE "productos" ALTER COLUMN "deletedAt" DROP NOT NULL;ALTER TABLE "productos" ALTER COLUMN "deletedAt" DROP DEFAULT;ALTER TABLE "productos" ALTER COLUMN "deletedAt" TYPE TIMESTAMP WITH TIME ZONE;
Executing (default): ALTER TABLE "productos" DROP CONSTRAINT "productos_categoryCategoryId_fkey"
Executing (default): ALTER TABLE "productos"  ADD FOREIGN KEY ("categoryCategoryId") REFERENCES "categories" ("categoryId") ON DELETE CASCADE ON UPDATE CASCADE;
Executing (default): ALTER TABLE "productos" ALTER COLUMN "aplicarMayoristaPorCantidad" DROP NOT NULL;ALTER TABLE "productos" ALTER COLUMN "aplicarMayoristaPorCantidad" SET DEFAULT false;ALTER TABLE "productos" ALTER COLUMN "aplicarMayoristaPorCantidad" TYPE BOOLEAN ; COMMENT ON COLUMN "productos"."aplicarMayoristaPorCantidad" IS 'Si es true, este producto aplicara precio mayorista al superar la cantidad minima configurada globalmente';
Executing (default): ALTER TABLE "productos" ALTER COLUMN "tasaEcommerce" DROP NOT NULL;ALTER TABLE "productos" ALTER COLUMN "tasaEcommerce" SET DEFAULT NULL;ALTER TABLE "productos" ALTER COLUMN "tasaEcommerce" TYPE DECIMAL(10,2);
Executing (default): SELECT i.relname AS name, ix.indisprimary AS primary, ix.indisunique AS unique, ix.indkey AS indkey, array_agg(a.attnum) as column_indexes, array_agg(a.attname) AS column_names, pg_get_indexdef(ix.indexrelid) AS definition FROM pg_class t, pg_class i, pg_index ix, pg_attribute a WHERE t.oid = ix.indrelid AND i.oid = ix.indexrelid AND a.attrelid = t.oid AND t.relkind = 'r' and t.relname = 'productos' GROUP BY i.relname, ix.indexrelid, ix.indisprimary, ix.indisunique, ix.indkey ORDER BY i.relname;
Executing (default): SELECT table_name FROM information_schema.tables WHERE table_schema = 'public' AND table_name = 'ProductBoughts'
Executing (default): SELECT pk.constraint_type as "Constraint",c.column_name as "Field", c.column_default as "Default",c.is_nullable as "Null", (CASE WHEN c.udt_name = 'hstore' THEN c.udt_name ELSE c.data_type END) || (CASE WHEN c.character_maximum_length IS NOT NULL THEN '(' || c.character_maximum_length || ')' ELSE '' END) as "Type", (SELECT array_agg(e.enumlabel) FROM pg_catalog.pg_type t JOIN pg_catalog.pg_enum e ON t.oid=e.enumtypid WHERE t.typname=c.udt_name) AS "special", (SELECT pgd.description FROM pg_catalog.pg_statio_all_tables AS st INNER JOIN pg_catalog.pg_description pgd on (pgd.objoid=st.relid) WHERE c.ordinal_position=pgd.objsubid AND c.table_name=st.relname) AS "Comment" FROM information_schema.columns c LEFT JOIN (SELECT tc.table_schema, tc.table_name, cu.column_name, tc.constraint_type FROM information_schema.TABLE_CONSTRAINTS tc JOIN information_schema.KEY_COLUMN_USAGE  cu ON tc.table_schema=cu.table_schema and tc.table_name=cu.table_name and tc.constraint_name=cu.constraint_name and tc.constraint_type='PRIMARY KEY') pk ON pk.table_schema=c.table_schema AND pk.table_name=c.table_name AND pk.column_name=c.column_name WHERE c.table_name = 'ProductBoughts' AND c.table_schema = 'public'
Executing (default): SELECT DISTINCT tc.constraint_name as constraint_name, tc.constraint_schema as constraint_schema, tc.constraint_catalog as constraint_catalog, tc.table_name as table_name,tc.table_schema as table_schema,tc.table_catalog as table_catalog,tc.initially_deferred as initially_deferred,tc.is_deferrable as is_deferrable,kcu.column_name as column_name,ccu.table_schema  AS referenced_table_schema,ccu.table_catalog  AS referenced_table_catalog,ccu.table_name  AS referenced_table_name,ccu.column_name AS referenced_column_name FROM information_schema.table_constraints AS tc JOIN information_schema.key_column_usage AS kcu ON tc.constraint_name = kcu.constraint_name JOIN information_schema.constraint_column_usage AS ccu ON ccu.constraint_name = tc.constraint_name WHERE constraint_type = 'FOREIGN KEY' AND tc.table_name = 'ProductBoughts' AND tc.table_catalog = 'fedeCell'
Executing (default): ALTER TABLE "ProductBoughts" ALTER COLUMN "nombre" DROP NOT NULL;ALTER TABLE "ProductBoughts" ALTER COLUMN "nombre" DROP DEFAULT;ALTER TABLE "ProductBoughts" ALTER COLUMN "nombre" TYPE VARCHAR(255);
Executing (default): ALTER TABLE "ProductBoughts" ALTER COLUMN "precio" SET NOT NULL;ALTER TABLE "ProductBoughts" ALTER COLUMN "precio" DROP DEFAULT;ALTER TABLE "ProductBoughts" ALTER COLUMN "precio" TYPE DECIMAL(10,2);
Executing (default): ALTER TABLE "ProductBoughts" ALTER COLUMN "marca" SET NOT NULL;ALTER TABLE "ProductBoughts" ALTER COLUMN "marca" DROP DEFAULT;ALTER TABLE "ProductBoughts" ALTER COLUMN "marca" TYPE VARCHAR(255);
Executing (default): ALTER TABLE "ProductBoughts" ALTER COLUMN "categoria" SET NOT NULL;ALTER TABLE "ProductBoughts" ALTER COLUMN "categoria" DROP DEFAULT;ALTER TABLE "ProductBoughts" ALTER COLUMN "categoria" TYPE VARCHAR(255);
Executing (default): ALTER TABLE "ProductBoughts" ALTER COLUMN "cantidad" SET NOT NULL;ALTER TABLE "ProductBoughts" ALTER COLUMN "cantidad" DROP DEFAULT;ALTER TABLE "ProductBoughts" ALTER COLUMN "cantidad" TYPE INTEGER;
Executing (default): ALTER TABLE "ProductBoughts" ALTER COLUMN "talle" SET NOT NULL;ALTER TABLE "ProductBoughts" ALTER COLUMN "talle" DROP DEFAULT;ALTER TABLE "ProductBoughts" ALTER COLUMN "talle" TYPE VARCHAR(255);
Executing (default): ALTER TABLE "ProductBoughts" ALTER COLUMN "imagenes" DROP NOT NULL;ALTER TABLE "ProductBoughts" ALTER COLUMN "imagenes" DROP DEFAULT;ALTER TABLE "ProductBoughts" ALTER COLUMN "imagenes" TYPE VARCHAR(255)[];
Executing (default): ALTER TABLE "ProductBoughts" ALTER COLUMN "fechaCompra" DROP NOT NULL;ALTER TABLE "ProductBoughts" ALTER COLUMN "fechaCompra" DROP DEFAULT;ALTER TABLE "ProductBoughts" ALTER COLUMN "fechaCompra" TYPE TIMESTAMP WITH TIME ZONE;
Executing (default): ALTER TABLE "ProductBoughts" ALTER COLUMN "createdAt" SET NOT NULL;ALTER TABLE "ProductBoughts" ALTER COLUMN "createdAt" DROP DEFAULT;ALTER TABLE "ProductBoughts" ALTER COLUMN "createdAt" TYPE TIMESTAMP WITH TIME ZONE;
Executing (default): ALTER TABLE "ProductBoughts" ALTER COLUMN "updatedAt" SET NOT NULL;ALTER TABLE "ProductBoughts" ALTER COLUMN "updatedAt" DROP DEFAULT;ALTER TABLE "ProductBoughts" ALTER COLUMN "updatedAt" TYPE TIMESTAMP WITH TIME ZONE;
Executing (default): ALTER TABLE "ProductBoughts" ALTER COLUMN "deletedAt" DROP NOT NULL;ALTER TABLE "ProductBoughts" ALTER COLUMN "deletedAt" DROP DEFAULT;ALTER TABLE "ProductBoughts" ALTER COLUMN "deletedAt" TYPE TIMESTAMP WITH TIME ZONE;
Executing (default): ALTER TABLE "ProductBoughts" ALTER COLUMN "precioCompra" DROP NOT NULL;ALTER TABLE "ProductBoughts" ALTER COLUMN "precioCompra" SET DEFAULT 0;ALTER TABLE "ProductBoughts" ALTER COLUMN "precioCompra" TYPE DECIMAL(10,2);
Executing (default): ALTER TABLE "ProductBoughts" DROP CONSTRAINT "ProductBoughts_productId_fkey"
Executing (default): ALTER TABLE "ProductBoughts"  ADD FOREIGN KEY ("productId") REFERENCES "productos" ("id") ON DELETE CASCADE ON UPDATE CASCADE;
Executing (default): SELECT i.relname AS name, ix.indisprimary AS primary, ix.indisunique AS unique, ix.indkey AS indkey, array_agg(a.attnum) as column_indexes, array_agg(a.attname) AS column_names, pg_get_indexdef(ix.indexrelid) AS definition FROM pg_class t, pg_class i, pg_index ix, pg_attribute a WHERE t.oid = ix.indrelid AND i.oid = ix.indexrelid AND a.attrelid = t.oid AND t.relkind = 'r' and t.relname = 'ProductBoughts' GROUP BY i.relname, ix.indexrelid, ix.indisprimary, ix.indisunique, ix.indkey ORDER BY i.relname;
Executing (default): SELECT table_name FROM information_schema.tables WHERE table_schema = 'public' AND table_name = 'Recaudations'
Executing (default): SELECT pk.constraint_type as "Constraint",c.column_name as "Field", c.column_default as "Default",c.is_nullable as "Null", (CASE WHEN c.udt_name = 'hstore' THEN c.udt_name ELSE c.data_type END) || (CASE WHEN c.character_maximum_length IS NOT NULL THEN '(' || c.character_maximum_length || ')' ELSE '' END) as "Type", (SELECT array_agg(e.enumlabel) FROM pg_catalog.pg_type t JOIN pg_catalog.pg_enum e ON t.oid=e.enumtypid WHERE t.typname=c.udt_name) AS "special", (SELECT pgd.description FROM pg_catalog.pg_statio_all_tables AS st INNER JOIN pg_catalog.pg_description pgd on (pgd.objoid=st.relid) WHERE c.ordinal_position=pgd.objsubid AND c.table_name=st.relname) AS "Comment" FROM information_schema.columns c LEFT JOIN (SELECT tc.table_schema, tc.table_name, cu.column_name, tc.constraint_type FROM information_schema.TABLE_CONSTRAINTS tc JOIN information_schema.KEY_COLUMN_USAGE  cu ON tc.table_schema=cu.table_schema and tc.table_name=cu.table_name and tc.constraint_name=cu.constraint_name and tc.constraint_type='PRIMARY KEY') pk ON pk.table_schema=c.table_schema AND pk.table_name=c.table_name AND pk.column_name=c.column_name WHERE c.table_name = 'Recaudations' AND c.table_schema = 'public'
Executing (default): SELECT DISTINCT tc.constraint_name as constraint_name, tc.constraint_schema as constraint_schema, tc.constraint_catalog as constraint_catalog, tc.table_name as table_name,tc.table_schema as table_schema,tc.table_catalog as table_catalog,tc.initially_deferred as initially_deferred,tc.is_deferrable as is_deferrable,kcu.column_name as column_name,ccu.table_schema  AS referenced_table_schema,ccu.table_catalog  AS referenced_table_catalog,ccu.table_name  AS referenced_table_name,ccu.column_name AS referenced_column_name FROM information_schema.table_constraints AS tc JOIN information_schema.key_column_usage AS kcu ON tc.constraint_name = kcu.constraint_name JOIN information_schema.constraint_column_usage AS ccu ON ccu.constraint_name = tc.constraint_name WHERE constraint_type = 'FOREIGN KEY' AND tc.table_name = 'Recaudations' AND tc.table_catalog = 'fedeCell'
Executing (default): ALTER TABLE "Recaudations" ALTER COLUMN "mes" SET NOT NULL;ALTER TABLE "Recaudations" ALTER COLUMN "mes" DROP DEFAULT;ALTER TABLE "Recaudations" ALTER COLUMN "mes" TYPE VARCHAR(255);
Executing (default): ALTER TABLE "Recaudations" ALTER COLUMN "productosVendidos" SET NOT NULL;ALTER TABLE "Recaudations" ALTER COLUMN "productosVendidos" DROP DEFAULT;ALTER TABLE "Recaudations" ALTER COLUMN "productosVendidos" TYPE JSON[];
Executing (default): ALTER TABLE "Recaudations" ALTER COLUMN "montoRecaudado" SET NOT NULL;ALTER TABLE "Recaudations" ALTER COLUMN "montoRecaudado" DROP DEFAULT;ALTER TABLE "Recaudations" ALTER COLUMN "montoRecaudado" TYPE DECIMAL(10,2);
Executing (default): ALTER TABLE "Recaudations" ALTER COLUMN "createdAt" SET NOT NULL;ALTER TABLE "Recaudations" ALTER COLUMN "createdAt" DROP DEFAULT;ALTER TABLE "Recaudations" ALTER COLUMN "createdAt" TYPE TIMESTAMP WITH TIME ZONE;
Executing (default): ALTER TABLE "Recaudations" ALTER COLUMN "updatedAt" SET NOT NULL;ALTER TABLE "Recaudations" ALTER COLUMN "updatedAt" DROP DEFAULT;ALTER TABLE "Recaudations" ALTER COLUMN "updatedAt" TYPE TIMESTAMP WITH TIME ZONE;
Executing (default): ALTER TABLE "Recaudations" ALTER COLUMN "deletedAt" DROP NOT NULL;ALTER TABLE "Recaudations" ALTER COLUMN "deletedAt" DROP DEFAULT;ALTER TABLE "Recaudations" ALTER COLUMN "deletedAt" TYPE TIMESTAMP WITH TIME ZONE;
Executing (default): SELECT i.relname AS name, ix.indisprimary AS primary, ix.indisunique AS unique, ix.indkey AS indkey, array_agg(a.attnum) as column_indexes, array_agg(a.attname) AS column_names, pg_get_indexdef(ix.indexrelid) AS definition FROM pg_class t, pg_class i, pg_index ix, pg_attribute a WHERE t.oid = ix.indrelid AND i.oid = ix.indexrelid AND a.attrelid = t.oid AND t.relkind = 'r' and t.relname = 'Recaudations' GROUP BY i.relname, ix.indexrelid, ix.indisprimary, ix.indisunique, ix.indkey ORDER BY i.relname;
Executing (default): SELECT table_name FROM information_schema.tables WHERE table_schema = 'public' AND table_name = 'PagoProductos'
Executing (default): SELECT pk.constraint_type as "Constraint",c.column_name as "Field", c.column_default as "Default",c.is_nullable as "Null", (CASE WHEN c.udt_name = 'hstore' THEN c.udt_name ELSE c.data_type END) || (CASE WHEN c.character_maximum_length IS NOT NULL THEN '(' || c.character_maximum_length || ')' ELSE '' END) as "Type", (SELECT array_agg(e.enumlabel) FROM pg_catalog.pg_type t JOIN pg_catalog.pg_enum e ON t.oid=e.enumtypid WHERE t.typname=c.udt_name) AS "special", (SELECT pgd.description FROM pg_catalog.pg_statio_all_tables AS st INNER JOIN pg_catalog.pg_description pgd on (pgd.objoid=st.relid) WHERE c.ordinal_position=pgd.objsubid AND c.table_name=st.relname) AS "Comment" FROM information_schema.columns c LEFT JOIN (SELECT tc.table_schema, tc.table_name, cu.column_name, tc.constraint_type FROM information_schema.TABLE_CONSTRAINTS tc JOIN information_schema.KEY_COLUMN_USAGE  cu ON tc.table_schema=cu.table_schema and tc.table_name=cu.table_name and tc.constraint_name=cu.constraint_name and tc.constraint_type='PRIMARY KEY') pk ON pk.table_schema=c.table_schema AND pk.table_name=c.table_name AND pk.column_name=c.column_name WHERE c.table_name = 'PagoProductos' AND c.table_schema = 'public'
Executing (default): SELECT DISTINCT tc.constraint_name as constraint_name, tc.constraint_schema as constraint_schema, tc.constraint_catalog as constraint_catalog, tc.table_name as table_name,tc.table_schema as table_schema,tc.table_catalog as table_catalog,tc.initially_deferred as initially_deferred,tc.is_deferrable as is_deferrable,kcu.column_name as column_name,ccu.table_schema  AS referenced_table_schema,ccu.table_catalog  AS referenced_table_catalog,ccu.table_name  AS referenced_table_name,ccu.column_name AS referenced_column_name FROM information_schema.table_constraints AS tc JOIN information_schema.key_column_usage AS kcu ON tc.constraint_name = kcu.constraint_name JOIN information_schema.constraint_column_usage AS ccu ON ccu.constraint_name = tc.constraint_name WHERE constraint_type = 'FOREIGN KEY' AND tc.table_name = 'PagoProductos' AND tc.table_catalog = 'fedeCell'
Executing (default): ALTER TABLE "PagoProductos" ALTER COLUMN "productos" SET NOT NULL;ALTER TABLE "PagoProductos" ALTER COLUMN "productos" DROP DEFAULT;ALTER TABLE "PagoProductos" ALTER COLUMN "productos" TYPE JSON;
Executing (default): ALTER TABLE "PagoProductos" ALTER COLUMN "montoTotal" SET NOT NULL;ALTER TABLE "PagoProductos" ALTER COLUMN "montoTotal" DROP DEFAULT;ALTER TABLE "PagoProductos" ALTER COLUMN "montoTotal" TYPE DECIMAL(10,2);
Executing (default): ALTER TABLE "PagoProductos" ALTER COLUMN "medioPago" SET NOT NULL;ALTER TABLE "PagoProductos" ALTER COLUMN "medioPago" DROP DEFAULT;ALTER TABLE "PagoProductos" ALTER COLUMN "medioPago" TYPE VARCHAR(50);
Executing (default): ALTER TABLE "PagoProductos" ALTER COLUMN "descuentos" SET NOT NULL;ALTER TABLE "PagoProductos" ALTER COLUMN "descuentos" SET DEFAULT 0;ALTER TABLE "PagoProductos" ALTER COLUMN "descuentos" TYPE DECIMAL(10,2);
Executing (default): ALTER TABLE "PagoProductos" ALTER COLUMN "fecha" SET NOT NULL;ALTER TABLE "PagoProductos" ALTER COLUMN "fecha" DROP DEFAULT;ALTER TABLE "PagoProductos" ALTER COLUMN "fecha" TYPE TIMESTAMP WITH TIME ZONE;
Executing (default): ALTER TABLE "PagoProductos" ALTER COLUMN "opcion1" DROP NOT NULL;ALTER TABLE "PagoProductos" ALTER COLUMN "opcion1" DROP DEFAULT;ALTER TABLE "PagoProductos" ALTER COLUMN "opcion1" TYPE VARCHAR(255);
Executing (default): ALTER TABLE "PagoProductos" ALTER COLUMN "opcion2" DROP NOT NULL;ALTER TABLE "PagoProductos" ALTER COLUMN "opcion2" DROP DEFAULT;ALTER TABLE "PagoProductos" ALTER COLUMN "opcion2" TYPE VARCHAR(255);
Executing (default): ALTER TABLE "PagoProductos" ALTER COLUMN "opcion3" DROP NOT NULL;ALTER TABLE "PagoProductos" ALTER COLUMN "opcion3" DROP DEFAULT;ALTER TABLE "PagoProductos" ALTER COLUMN "opcion3" TYPE VARCHAR(255);
Executing (default): ALTER TABLE "PagoProductos" ALTER COLUMN "createdAt" SET NOT NULL;ALTER TABLE "PagoProductos" ALTER COLUMN "createdAt" DROP DEFAULT;ALTER TABLE "PagoProductos" ALTER COLUMN "createdAt" TYPE TIMESTAMP WITH TIME ZONE;
Executing (default): ALTER TABLE "PagoProductos" ALTER COLUMN "updatedAt" SET NOT NULL;ALTER TABLE "PagoProductos" ALTER COLUMN "updatedAt" DROP DEFAULT;ALTER TABLE "PagoProductos" ALTER COLUMN "updatedAt" TYPE TIMESTAMP WITH TIME ZONE;
Executing (default): ALTER TABLE "PagoProductos" ALTER COLUMN "deletedAt" DROP NOT NULL;ALTER TABLE "PagoProductos" ALTER COLUMN "deletedAt" DROP DEFAULT;ALTER TABLE "PagoProductos" ALTER COLUMN "deletedAt" TYPE TIMESTAMP WITH TIME ZONE;
Executing (default): ALTER TABLE "PagoProductos" ALTER COLUMN "origenDeVenta" DROP NOT NULL;ALTER TABLE "PagoProductos" ALTER COLUMN "origenDeVenta" DROP DEFAULT;ALTER TABLE "PagoProductos" ALTER COLUMN "origenDeVenta" TYPE VARCHAR(255);
Executing (default): ALTER TABLE "PagoProductos" ALTER COLUMN "detalles_pago" DROP NOT NULL;ALTER TABLE "PagoProductos" ALTER COLUMN "detalles_pago" DROP DEFAULT;ALTER TABLE "PagoProductos" ALTER COLUMN "detalles_pago" TYPE JSON;
Executing (default): ALTER TABLE "PagoProductos" ALTER COLUMN "tarjeta_digitos" DROP NOT NULL;ALTER TABLE "PagoProductos" ALTER COLUMN "tarjeta_digitos" DROP DEFAULT;ALTER TABLE "PagoProductos" ALTER COLUMN "tarjeta_digitos" TYPE VARCHAR(4);
Executing (default): SELECT i.relname AS name, ix.indisprimary AS primary, ix.indisunique AS unique, ix.indkey AS indkey, array_agg(a.attnum) as column_indexes, array_agg(a.attname) AS column_names, pg_get_indexdef(ix.indexrelid) AS definition FROM pg_class t, pg_class i, pg_index ix, pg_attribute a WHERE t.oid = ix.indrelid AND i.oid = ix.indexrelid AND a.attrelid = t.oid AND t.relkind = 'r' and t.relname = 'PagoProductos' GROUP BY i.relname, ix.indexrelid, ix.indisprimary, ix.indisunique, ix.indkey ORDER BY i.relname;
Executing (default): SELECT table_name FROM information_schema.tables WHERE table_schema = 'public' AND table_name = 'balanceMensuals'
Executing (default): SELECT pk.constraint_type as "Constraint",c.column_name as "Field", c.column_default as "Default",c.is_nullable as "Null", (CASE WHEN c.udt_name = 'hstore' THEN c.udt_name ELSE c.data_type END) || (CASE WHEN c.character_maximum_length IS NOT NULL THEN '(' || c.character_maximum_length || ')' ELSE '' END) as "Type", (SELECT array_agg(e.enumlabel) FROM pg_catalog.pg_type t JOIN pg_catalog.pg_enum e ON t.oid=e.enumtypid WHERE t.typname=c.udt_name) AS "special", (SELECT pgd.description FROM pg_catalog.pg_statio_all_tables AS st INNER JOIN pg_catalog.pg_description pgd on (pgd.objoid=st.relid) WHERE c.ordinal_position=pgd.objsubid AND c.table_name=st.relname) AS "Comment" FROM information_schema.columns c LEFT JOIN (SELECT tc.table_schema, tc.table_name, cu.column_name, tc.constraint_type FROM information_schema.TABLE_CONSTRAINTS tc JOIN information_schema.KEY_COLUMN_USAGE  cu ON tc.table_schema=cu.table_schema and tc.table_name=cu.table_name and tc.constraint_name=cu.constraint_name and tc.constraint_type='PRIMARY KEY') pk ON pk.table_schema=c.table_schema AND pk.table_name=c.table_name AND pk.column_name=c.column_name WHERE c.table_name = 'balanceMensuals' AND c.table_schema = 'public'
Executing (default): SELECT DISTINCT tc.constraint_name as constraint_name, tc.constraint_schema as constraint_schema, tc.constraint_catalog as constraint_catalog, tc.table_name as table_name,tc.table_schema as table_schema,tc.table_catalog as table_catalog,tc.initially_deferred as initially_deferred,tc.is_deferrable as is_deferrable,kcu.column_name as column_name,ccu.table_schema  AS referenced_table_schema,ccu.table_catalog  AS referenced_table_catalog,ccu.table_name  AS referenced_table_name,ccu.column_name AS referenced_column_name FROM information_schema.table_constraints AS tc JOIN information_schema.key_column_usage AS kcu ON tc.constraint_name = kcu.constraint_name JOIN information_schema.constraint_column_usage AS ccu ON ccu.constraint_name = tc.constraint_name WHERE constraint_type = 'FOREIGN KEY' AND tc.table_name = 'balanceMensuals' AND tc.table_catalog = 'fedeCell'
Executing (default): ALTER TABLE "balanceMensuals" ALTER COLUMN "producto" SET NOT NULL;ALTER TABLE "balanceMensuals" ALTER COLUMN "producto" DROP DEFAULT;ALTER TABLE "balanceMensuals" ALTER COLUMN "producto" TYPE VARCHAR(255);
Executing (default): ALTER TABLE "balanceMensuals" ALTER COLUMN "marca" DROP NOT NULL;ALTER TABLE "balanceMensuals" ALTER COLUMN "marca" DROP DEFAULT;ALTER TABLE "balanceMensuals" ALTER COLUMN "marca" TYPE VARCHAR(255);
Executing (default): ALTER TABLE "balanceMensuals" ALTER COLUMN "categoria" DROP NOT NULL;ALTER TABLE "balanceMensuals" ALTER COLUMN "categoria" DROP DEFAULT;ALTER TABLE "balanceMensuals" ALTER COLUMN "categoria" TYPE VARCHAR(255);
Executing (default): ALTER TABLE "balanceMensuals" ALTER COLUMN "proveedor" DROP NOT NULL;ALTER TABLE "balanceMensuals" ALTER COLUMN "proveedor" DROP DEFAULT;ALTER TABLE "balanceMensuals" ALTER COLUMN "proveedor" TYPE VARCHAR(255);
Executing (default): ALTER TABLE "balanceMensuals" ALTER COLUMN "monto" SET NOT NULL;ALTER TABLE "balanceMensuals" ALTER COLUMN "monto" DROP DEFAULT;ALTER TABLE "balanceMensuals" ALTER COLUMN "monto" TYPE DECIMAL(10,2);
Executing (default): ALTER TABLE "balanceMensuals" ALTER COLUMN "precioCompra" DROP NOT NULL;ALTER TABLE "balanceMensuals" ALTER COLUMN "precioCompra" DROP DEFAULT;ALTER TABLE "balanceMensuals" ALTER COLUMN "precioCompra" TYPE DECIMAL(15,2);
Executing (default): ALTER TABLE "balanceMensuals" ALTER COLUMN "origenDeVenta" DROP NOT NULL;ALTER TABLE "balanceMensuals" ALTER COLUMN "origenDeVenta" DROP DEFAULT;ALTER TABLE "balanceMensuals" ALTER COLUMN "origenDeVenta" TYPE VARCHAR(255);
Executing (default): ALTER TABLE "balanceMensuals" ALTER COLUMN "cantidad" SET NOT NULL;ALTER TABLE "balanceMensuals" ALTER COLUMN "cantidad" DROP DEFAULT;ALTER TABLE "balanceMensuals" ALTER COLUMN "cantidad" TYPE INTEGER;
Executing (default): ALTER TABLE "balanceMensuals" ALTER COLUMN "metodo_pago" SET NOT NULL;ALTER TABLE "balanceMensuals" ALTER COLUMN "metodo_pago" DROP DEFAULT;ALTER TABLE "balanceMensuals" ALTER COLUMN "metodo_pago" TYPE VARCHAR(255);
Executing (default): ALTER TABLE "balanceMensuals" ALTER COLUMN "cliente" DROP NOT NULL;ALTER TABLE "balanceMensuals" ALTER COLUMN "cliente" DROP DEFAULT;ALTER TABLE "balanceMensuals" ALTER COLUMN "cliente" TYPE VARCHAR(255);
Executing (default): ALTER TABLE "balanceMensuals" ALTER COLUMN "id_transaccion" DROP NOT NULL;ALTER TABLE "balanceMensuals" ALTER COLUMN "id_transaccion" DROP DEFAULT;ALTER TABLE "balanceMensuals" ALTER COLUMN "id_transaccion" TYPE VARCHAR(255);
Executing (default): ALTER TABLE "balanceMensuals" ALTER COLUMN "fecha" SET NOT NULL;ALTER TABLE "balanceMensuals" ALTER COLUMN "fecha" DROP DEFAULT;ALTER TABLE "balanceMensuals" ALTER COLUMN "fecha" TYPE DATE;
Executing (default): ALTER TABLE "balanceMensuals" ALTER COLUMN "createdAt" SET NOT NULL;ALTER TABLE "balanceMensuals" ALTER COLUMN "createdAt" DROP DEFAULT;ALTER TABLE "balanceMensuals" ALTER COLUMN "createdAt" TYPE TIMESTAMP WITH TIME ZONE;
Executing (default): ALTER TABLE "balanceMensuals" ALTER COLUMN "updatedAt" SET NOT NULL;ALTER TABLE "balanceMensuals" ALTER COLUMN "updatedAt" DROP DEFAULT;ALTER TABLE "balanceMensuals" ALTER COLUMN "updatedAt" TYPE TIMESTAMP WITH TIME ZONE;
Executing (default): ALTER TABLE "balanceMensuals" ALTER COLUMN "deletedAt" DROP NOT NULL;ALTER TABLE "balanceMensuals" ALTER COLUMN "deletedAt" DROP DEFAULT;ALTER TABLE "balanceMensuals" ALTER COLUMN "deletedAt" TYPE TIMESTAMP WITH TIME ZONE;
Executing (default): ALTER TABLE "balanceMensuals" ALTER COLUMN "detalles_pago" DROP NOT NULL;ALTER TABLE "balanceMensuals" ALTER COLUMN "detalles_pago" DROP DEFAULT;ALTER TABLE "balanceMensuals" ALTER COLUMN "detalles_pago" TYPE JSON;
Executing (default): ALTER TABLE "balanceMensuals" ALTER COLUMN "tarjeta_digitos" DROP NOT NULL;ALTER TABLE "balanceMensuals" ALTER COLUMN "tarjeta_digitos" DROP DEFAULT;ALTER TABLE "balanceMensuals" ALTER COLUMN "tarjeta_digitos" TYPE VARCHAR(4);
Executing (default): SELECT i.relname AS name, ix.indisprimary AS primary, ix.indisunique AS unique, ix.indkey AS indkey, array_agg(a.attnum) as column_indexes, array_agg(a.attname) AS column_names, pg_get_indexdef(ix.indexrelid) AS definition FROM pg_class t, pg_class i, pg_index ix, pg_attribute a WHERE t.oid = ix.indrelid AND i.oid = ix.indexrelid AND a.attrelid = t.oid AND t.relkind = 'r' and t.relname = 'balanceMensuals' GROUP BY i.relname, ix.indexrelid, ix.indisprimary, ix.indisunique, ix.indkey ORDER BY i.relname;
Executing (default): SELECT table_name FROM information_schema.tables WHERE table_schema = 'public' AND table_name = 'egresses'
Executing (default): SELECT pk.constraint_type as "Constraint",c.column_name as "Field", c.column_default as "Default",c.is_nullable as "Null", (CASE WHEN c.udt_name = 'hstore' THEN c.udt_name ELSE c.data_type END) || (CASE WHEN c.character_maximum_length IS NOT NULL THEN '(' || c.character_maximum_length || ')' ELSE '' END) as "Type", (SELECT array_agg(e.enumlabel) FROM pg_catalog.pg_type t JOIN pg_catalog.pg_enum e ON t.oid=e.enumtypid WHERE t.typname=c.udt_name) AS "special", (SELECT pgd.description FROM pg_catalog.pg_statio_all_tables AS st INNER JOIN pg_catalog.pg_description pgd on (pgd.objoid=st.relid) WHERE c.ordinal_position=pgd.objsubid AND c.table_name=st.relname) AS "Comment" FROM information_schema.columns c LEFT JOIN (SELECT tc.table_schema, tc.table_name, cu.column_name, tc.constraint_type FROM information_schema.TABLE_CONSTRAINTS tc JOIN information_schema.KEY_COLUMN_USAGE  cu ON tc.table_schema=cu.table_schema and tc.table_name=cu.table_name and tc.constraint_name=cu.constraint_name and tc.constraint_type='PRIMARY KEY') pk ON pk.table_schema=c.table_schema AND pk.table_name=c.table_name AND pk.column_name=c.column_name WHERE c.table_name = 'egresses' AND c.table_schema = 'public'
Executing (default): SELECT DISTINCT tc.constraint_name as constraint_name, tc.constraint_schema as constraint_schema, tc.constraint_catalog as constraint_catalog, tc.table_name as table_name,tc.table_schema as table_schema,tc.table_catalog as table_catalog,tc.initially_deferred as initially_deferred,tc.is_deferrable as is_deferrable,kcu.column_name as column_name,ccu.table_schema  AS referenced_table_schema,ccu.table_catalog  AS referenced_table_catalog,ccu.table_name  AS referenced_table_name,ccu.column_name AS referenced_column_name FROM information_schema.table_constraints AS tc JOIN information_schema.key_column_usage AS kcu ON tc.constraint_name = kcu.constraint_name JOIN information_schema.constraint_column_usage AS ccu ON ccu.constraint_name = tc.constraint_name WHERE constraint_type = 'FOREIGN KEY' AND tc.table_name = 'egresses' AND tc.table_catalog = 'fedeCell'
Executing (default): ALTER TABLE "egresses" ALTER COLUMN "monto" SET NOT NULL;ALTER TABLE "egresses" ALTER COLUMN "monto" DROP DEFAULT;ALTER TABLE "egresses" ALTER COLUMN "monto" TYPE DECIMAL(10,2);
Executing (default): ALTER TABLE "egresses" ALTER COLUMN "detalle" SET NOT NULL;ALTER TABLE "egresses" ALTER COLUMN "detalle" DROP DEFAULT;ALTER TABLE "egresses" ALTER COLUMN "detalle" TYPE VARCHAR(255);
Executing (default): ALTER TABLE "egresses" ALTER COLUMN "medio" SET NOT NULL;ALTER TABLE "egresses" ALTER COLUMN "medio" DROP DEFAULT;ALTER TABLE "egresses" ALTER COLUMN "medio" TYPE VARCHAR(255);
Executing (default): ALTER TABLE "egresses" ALTER COLUMN "fecha" SET NOT NULL;ALTER TABLE "egresses" ALTER COLUMN "fecha" DROP DEFAULT;ALTER TABLE "egresses" ALTER COLUMN "fecha" TYPE TIMESTAMP WITH TIME ZONE;
Executing (default): ALTER TABLE "egresses" ALTER COLUMN "createdAt" SET NOT NULL;ALTER TABLE "egresses" ALTER COLUMN "createdAt" DROP DEFAULT;ALTER TABLE "egresses" ALTER COLUMN "createdAt" TYPE TIMESTAMP WITH TIME ZONE;
Executing (default): ALTER TABLE "egresses" ALTER COLUMN "updatedAt" SET NOT NULL;ALTER TABLE "egresses" ALTER COLUMN "updatedAt" DROP DEFAULT;ALTER TABLE "egresses" ALTER COLUMN "updatedAt" TYPE TIMESTAMP WITH TIME ZONE;
Executing (default): ALTER TABLE "egresses" ALTER COLUMN "deletedAt" DROP NOT NULL;ALTER TABLE "egresses" ALTER COLUMN "deletedAt" DROP DEFAULT;ALTER TABLE "egresses" ALTER COLUMN "deletedAt" TYPE TIMESTAMP WITH TIME ZONE;
Executing (default): ALTER TABLE "egresses" ALTER COLUMN "responsable" SET NOT NULL;ALTER TABLE "egresses" ALTER COLUMN "responsable" SET DEFAULT 'ADMINISTRACION';ALTER TABLE "egresses" ALTER COLUMN "responsable" TYPE VARCHAR(255);
Executing (default): SELECT i.relname AS name, ix.indisprimary AS primary, ix.indisunique AS unique, ix.indkey AS indkey, array_agg(a.attnum) as column_indexes, array_agg(a.attname) AS column_names, pg_get_indexdef(ix.indexrelid) AS definition FROM pg_class t, pg_class i, pg_index ix, pg_attribute a WHERE t.oid = ix.indrelid AND i.oid = ix.indexrelid AND a.attrelid = t.oid AND t.relkind = 'r' and t.relname = 'egresses' GROUP BY i.relname, ix.indexrelid, ix.indisprimary, ix.indisunique, ix.indkey ORDER BY i.relname;
Executing (default): SELECT table_name FROM information_schema.tables WHERE table_schema = 'public' AND table_name = 'balancePersonals'
Executing (default): SELECT t.typname enum_name, array_agg(e.enumlabel ORDER BY enumsortorder) enum_value FROM pg_type t JOIN pg_enum e ON t.oid = e.enumtypid JOIN pg_catalog.pg_namespace n ON n.oid = t.typnamespace WHERE n.nspname = 'public' AND t.typname='enum_balancePersonals_tipo' GROUP BY 1
Executing (default): SELECT pk.constraint_type as "Constraint",c.column_name as "Field", c.column_default as "Default",c.is_nullable as "Null", (CASE WHEN c.udt_name = 'hstore' THEN c.udt_name ELSE c.data_type END) || (CASE WHEN c.character_maximum_length IS NOT NULL THEN '(' || c.character_maximum_length || ')' ELSE '' END) as "Type", (SELECT array_agg(e.enumlabel) FROM pg_catalog.pg_type t JOIN pg_catalog.pg_enum e ON t.oid=e.enumtypid WHERE t.typname=c.udt_name) AS "special", (SELECT pgd.description FROM pg_catalog.pg_statio_all_tables AS st INNER JOIN pg_catalog.pg_description pgd on (pgd.objoid=st.relid) WHERE c.ordinal_position=pgd.objsubid AND c.table_name=st.relname) AS "Comment" FROM information_schema.columns c LEFT JOIN (SELECT tc.table_schema, tc.table_name, cu.column_name, tc.constraint_type FROM information_schema.TABLE_CONSTRAINTS tc JOIN information_schema.KEY_COLUMN_USAGE  cu ON tc.table_schema=cu.table_schema and tc.table_name=cu.table_name and tc.constraint_name=cu.constraint_name and tc.constraint_type='PRIMARY KEY') pk ON pk.table_schema=c.table_schema AND pk.table_name=c.table_name AND pk.column_name=c.column_name WHERE c.table_name = 'balancePersonals' AND c.table_schema = 'public'
Executing (default): SELECT DISTINCT tc.constraint_name as constraint_name, tc.constraint_schema as constraint_schema, tc.constraint_catalog as constraint_catalog, tc.table_name as table_name,tc.table_schema as table_schema,tc.table_catalog as table_catalog,tc.initially_deferred as initially_deferred,tc.is_deferrable as is_deferrable,kcu.column_name as column_name,ccu.table_schema  AS referenced_table_schema,ccu.table_catalog  AS referenced_table_catalog,ccu.table_name  AS referenced_table_name,ccu.column_name AS referenced_column_name FROM information_schema.table_constraints AS tc JOIN information_schema.key_column_usage AS kcu ON tc.constraint_name = kcu.constraint_name JOIN information_schema.constraint_column_usage AS ccu ON ccu.constraint_name = tc.constraint_name WHERE constraint_type = 'FOREIGN KEY' AND tc.table_name = 'balancePersonals' AND tc.table_catalog = 'fedeCell'
Executing (default): ALTER TABLE "balancePersonals" ALTER COLUMN "tipo" SET NOT NULL;ALTER TABLE "balancePersonals" ALTER COLUMN "tipo" DROP DEFAULT;DO 'BEGIN CREATE TYPE "public"."enum_balancePersonals_tipo" AS ENUM(''income'', ''expense''); EXCEPTION WHEN duplicate_object THEN null; END';ALTER TABLE "balancePersonals" ALTER COLUMN "tipo" TYPE "public"."enum_balancePersonals_tipo" USING ("tipo"::"public"."enum_balancePersonals_tipo");
Executing (default): ALTER TABLE "balancePersonals" ALTER COLUMN "categoria" SET NOT NULL;ALTER TABLE "balancePersonals" ALTER COLUMN "categoria" DROP DEFAULT;ALTER TABLE "balancePersonals" ALTER COLUMN "categoria" TYPE VARCHAR(255);
Executing (default): ALTER TABLE "balancePersonals" ALTER COLUMN "cuenta" SET NOT NULL;ALTER TABLE "balancePersonals" ALTER COLUMN "cuenta" DROP DEFAULT;ALTER TABLE "balancePersonals" ALTER COLUMN "cuenta" TYPE VARCHAR(255);
Executing (default): ALTER TABLE "balancePersonals" ALTER COLUMN "monto" SET NOT NULL;ALTER TABLE "balancePersonals" ALTER COLUMN "monto" DROP DEFAULT;ALTER TABLE "balancePersonals" ALTER COLUMN "monto" TYPE DECIMAL(15,2);
Executing (default): ALTER TABLE "balancePersonals" ALTER COLUMN "fecha" SET NOT NULL;ALTER TABLE "balancePersonals" ALTER COLUMN "fecha" DROP DEFAULT;ALTER TABLE "balancePersonals" ALTER COLUMN "fecha" TYPE DATE;
Executing (default): ALTER TABLE "balancePersonals" ALTER COLUMN "descripcion" DROP NOT NULL;ALTER TABLE "balancePersonals" ALTER COLUMN "descripcion" DROP DEFAULT;ALTER TABLE "balancePersonals" ALTER COLUMN "descripcion" TYPE TEXT;
Executing (default): ALTER TABLE "balancePersonals" ALTER COLUMN "createdAt" SET NOT NULL;ALTER TABLE "balancePersonals" ALTER COLUMN "createdAt" DROP DEFAULT;ALTER TABLE "balancePersonals" ALTER COLUMN "createdAt" TYPE TIMESTAMP WITH TIME ZONE;
Executing (default): ALTER TABLE "balancePersonals" ALTER COLUMN "updatedAt" SET NOT NULL;ALTER TABLE "balancePersonals" ALTER COLUMN "updatedAt" DROP DEFAULT;ALTER TABLE "balancePersonals" ALTER COLUMN "updatedAt" TYPE TIMESTAMP WITH TIME ZONE;
Executing (default): ALTER TABLE "balancePersonals" ALTER COLUMN "deletedAt" DROP NOT NULL;ALTER TABLE "balancePersonals" ALTER COLUMN "deletedAt" DROP DEFAULT;ALTER TABLE "balancePersonals" ALTER COLUMN "deletedAt" TYPE TIMESTAMP WITH TIME ZONE;
Executing (default): SELECT i.relname AS name, ix.indisprimary AS primary, ix.indisunique AS unique, ix.indkey AS indkey, array_agg(a.attnum) as column_indexes, array_agg(a.attname) AS column_names, pg_get_indexdef(ix.indexrelid) AS definition FROM pg_class t, pg_class i, pg_index ix, pg_attribute a WHERE t.oid = ix.indrelid AND i.oid = ix.indexrelid AND a.attrelid = t.oid AND t.relkind = 'r' and t.relname = 'balancePersonals' GROUP BY i.relname, ix.indexrelid, ix.indisprimary, ix.indisunique, ix.indkey ORDER BY i.relname;
Executing (default): SELECT table_name FROM information_schema.tables WHERE table_schema = 'public' AND table_name = 'monthlyExpenses'
Executing (default): SELECT pk.constraint_type as "Constraint",c.column_name as "Field", c.column_default as "Default",c.is_nullable as "Null", (CASE WHEN c.udt_name = 'hstore' THEN c.udt_name ELSE c.data_type END) || (CASE WHEN c.character_maximum_length IS NOT NULL THEN '(' || c.character_maximum_length || ')' ELSE '' END) as "Type", (SELECT array_agg(e.enumlabel) FROM pg_catalog.pg_type t JOIN pg_catalog.pg_enum e ON t.oid=e.enumtypid WHERE t.typname=c.udt_name) AS "special", (SELECT pgd.description FROM pg_catalog.pg_statio_all_tables AS st INNER JOIN pg_catalog.pg_description pgd on (pgd.objoid=st.relid) WHERE c.ordinal_position=pgd.objsubid AND c.table_name=st.relname) AS "Comment" FROM information_schema.columns c LEFT JOIN (SELECT tc.table_schema, tc.table_name, cu.column_name, tc.constraint_type FROM information_schema.TABLE_CONSTRAINTS tc JOIN information_schema.KEY_COLUMN_USAGE  cu ON tc.table_schema=cu.table_schema and tc.table_name=cu.table_name and tc.constraint_name=cu.constraint_name and tc.constraint_type='PRIMARY KEY') pk ON pk.table_schema=c.table_schema AND pk.table_name=c.table_name AND pk.column_name=c.column_name WHERE c.table_name = 'monthlyExpenses' AND c.table_schema = 'public'
Executing (default): SELECT DISTINCT tc.constraint_name as constraint_name, tc.constraint_schema as constraint_schema, tc.constraint_catalog as constraint_catalog, tc.table_name as table_name,tc.table_schema as table_schema,tc.table_catalog as table_catalog,tc.initially_deferred as initially_deferred,tc.is_deferrable as is_deferrable,kcu.column_name as column_name,ccu.table_schema  AS referenced_table_schema,ccu.table_catalog  AS referenced_table_catalog,ccu.table_name  AS referenced_table_name,ccu.column_name AS referenced_column_name FROM information_schema.table_constraints AS tc JOIN information_schema.key_column_usage AS kcu ON tc.constraint_name = kcu.constraint_name JOIN information_schema.constraint_column_usage AS ccu ON ccu.constraint_name = tc.constraint_name WHERE constraint_type = 'FOREIGN KEY' AND tc.table_name = 'monthlyExpenses' AND tc.table_catalog = 'fedeCell'
Executing (default): ALTER TABLE "monthlyExpenses" ALTER COLUMN "nombre" SET NOT NULL;ALTER TABLE "monthlyExpenses" ALTER COLUMN "nombre" DROP DEFAULT;ALTER TABLE "monthlyExpenses" ALTER COLUMN "nombre" TYPE VARCHAR(255);
Executing (default): ALTER TABLE "monthlyExpenses" ALTER COLUMN "monto" SET NOT NULL;ALTER TABLE "monthlyExpenses" ALTER COLUMN "monto" DROP DEFAULT;ALTER TABLE "monthlyExpenses" ALTER COLUMN "monto" TYPE DECIMAL(12,2);
Executing (default): ALTER TABLE "monthlyExpenses" ALTER COLUMN "vencimiento" SET NOT NULL;ALTER TABLE "monthlyExpenses" ALTER COLUMN "vencimiento" DROP DEFAULT;ALTER TABLE "monthlyExpenses" ALTER COLUMN "vencimiento" TYPE DATE;
Executing (default): ALTER TABLE "monthlyExpenses" ALTER COLUMN "medio_pago" DROP NOT NULL;ALTER TABLE "monthlyExpenses" ALTER COLUMN "medio_pago" DROP DEFAULT;ALTER TABLE "monthlyExpenses" ALTER COLUMN "medio_pago" TYPE VARCHAR(255);
Executing (default): ALTER TABLE "monthlyExpenses" ALTER COLUMN "pagado" DROP NOT NULL;ALTER TABLE "monthlyExpenses" ALTER COLUMN "pagado" SET DEFAULT false;ALTER TABLE "monthlyExpenses" ALTER COLUMN "pagado" TYPE BOOLEAN;
Executing (default): ALTER TABLE "monthlyExpenses" ALTER COLUMN "fecha_pago" DROP NOT NULL;ALTER TABLE "monthlyExpenses" ALTER COLUMN "fecha_pago" DROP DEFAULT;ALTER TABLE "monthlyExpenses" ALTER COLUMN "fecha_pago" TYPE TIMESTAMP WITH TIME ZONE;
Executing (default): ALTER TABLE "monthlyExpenses" ALTER COLUMN "createdAt" SET NOT NULL;ALTER TABLE "monthlyExpenses" ALTER COLUMN "createdAt" DROP DEFAULT;ALTER TABLE "monthlyExpenses" ALTER COLUMN "createdAt" TYPE TIMESTAMP WITH TIME ZONE;
Executing (default): ALTER TABLE "monthlyExpenses" ALTER COLUMN "updatedAt" SET NOT NULL;ALTER TABLE "monthlyExpenses" ALTER COLUMN "updatedAt" DROP DEFAULT;ALTER TABLE "monthlyExpenses" ALTER COLUMN "updatedAt" TYPE TIMESTAMP WITH TIME ZONE;
Executing (default): ALTER TABLE "monthlyExpenses" ALTER COLUMN "deletedAt" DROP NOT NULL;ALTER TABLE "monthlyExpenses" ALTER COLUMN "deletedAt" DROP DEFAULT;ALTER TABLE "monthlyExpenses" ALTER COLUMN "deletedAt" TYPE TIMESTAMP WITH TIME ZONE;
Executing (default): SELECT i.relname AS name, ix.indisprimary AS primary, ix.indisunique AS unique, ix.indkey AS indkey, array_agg(a.attnum) as column_indexes, array_agg(a.attname) AS column_names, pg_get_indexdef(ix.indexrelid) AS definition FROM pg_class t, pg_class i, pg_index ix, pg_attribute a WHERE t.oid = ix.indrelid AND i.oid = ix.indexrelid AND a.attrelid = t.oid AND t.relkind = 'r' and t.relname = 'monthlyExpenses' GROUP BY i.relname, ix.indexrelid, ix.indisprimary, ix.indisunique, ix.indkey ORDER BY i.relname;
Executing (default): SELECT table_name FROM information_schema.tables WHERE table_schema = 'public' AND table_name = 'debtControls'
Executing (default): SELECT t.typname enum_name, array_agg(e.enumlabel ORDER BY enumsortorder) enum_value FROM pg_type t JOIN pg_enum e ON t.oid = e.enumtypid JOIN pg_catalog.pg_namespace n ON n.oid = t.typnamespace WHERE n.nspname = 'public' AND t.typname='enum_debtControls_estado' GROUP BY 1
Executing (default): SELECT pk.constraint_type as "Constraint",c.column_name as "Field", c.column_default as "Default",c.is_nullable as "Null", (CASE WHEN c.udt_name = 'hstore' THEN c.udt_name ELSE c.data_type END) || (CASE WHEN c.character_maximum_length IS NOT NULL THEN '(' || c.character_maximum_length || ')' ELSE '' END) as "Type", (SELECT array_agg(e.enumlabel) FROM pg_catalog.pg_type t JOIN pg_catalog.pg_enum e ON t.oid=e.enumtypid WHERE t.typname=c.udt_name) AS "special", (SELECT pgd.description FROM pg_catalog.pg_statio_all_tables AS st INNER JOIN pg_catalog.pg_description pgd on (pgd.objoid=st.relid) WHERE c.ordinal_position=pgd.objsubid AND c.table_name=st.relname) AS "Comment" FROM information_schema.columns c LEFT JOIN (SELECT tc.table_schema, tc.table_name, cu.column_name, tc.constraint_type FROM information_schema.TABLE_CONSTRAINTS tc JOIN information_schema.KEY_COLUMN_USAGE  cu ON tc.table_schema=cu.table_schema and tc.table_name=cu.table_name and tc.constraint_name=cu.constraint_name and tc.constraint_type='PRIMARY KEY') pk ON pk.table_schema=c.table_schema AND pk.table_name=c.table_name AND pk.column_name=c.column_name WHERE c.table_name = 'debtControls' AND c.table_schema = 'public'
Executing (default): SELECT DISTINCT tc.constraint_name as constraint_name, tc.constraint_schema as constraint_schema, tc.constraint_catalog as constraint_catalog, tc.table_name as table_name,tc.table_schema as table_schema,tc.table_catalog as table_catalog,tc.initially_deferred as initially_deferred,tc.is_deferrable as is_deferrable,kcu.column_name as column_name,ccu.table_schema  AS referenced_table_schema,ccu.table_catalog  AS referenced_table_catalog,ccu.table_name  AS referenced_table_name,ccu.column_name AS referenced_column_name FROM information_schema.table_constraints AS tc JOIN information_schema.key_column_usage AS kcu ON tc.constraint_name = kcu.constraint_name JOIN information_schema.constraint_column_usage AS ccu ON ccu.constraint_name = tc.constraint_name WHERE constraint_type = 'FOREIGN KEY' AND tc.table_name = 'debtControls' AND tc.table_catalog = 'fedeCell'
Executing (default): ALTER TABLE "debtControls" ALTER COLUMN "descripcion" SET NOT NULL;ALTER TABLE "debtControls" ALTER COLUMN "descripcion" DROP DEFAULT;ALTER TABLE "debtControls" ALTER COLUMN "descripcion" TYPE VARCHAR(255);
Executing (default): ALTER TABLE "debtControls" ALTER COLUMN "acreedor" SET NOT NULL;ALTER TABLE "debtControls" ALTER COLUMN "acreedor" DROP DEFAULT;ALTER TABLE "debtControls" ALTER COLUMN "acreedor" TYPE VARCHAR(255);
Executing (default): ALTER TABLE "debtControls" ALTER COLUMN "montoTotal" SET NOT NULL;ALTER TABLE "debtControls" ALTER COLUMN "montoTotal" DROP DEFAULT;ALTER TABLE "debtControls" ALTER COLUMN "montoTotal" TYPE DECIMAL(15,2);
Executing (default): ALTER TABLE "debtControls" ALTER COLUMN "montoPagado" DROP NOT NULL;ALTER TABLE "debtControls" ALTER COLUMN "montoPagado" SET DEFAULT 0;ALTER TABLE "debtControls" ALTER COLUMN "montoPagado" TYPE DECIMAL(15,2);
Executing (default): ALTER TABLE "debtControls" ALTER COLUMN "fechaLimite" DROP NOT NULL;ALTER TABLE "debtControls" ALTER COLUMN "fechaLimite" DROP DEFAULT;ALTER TABLE "debtControls" ALTER COLUMN "fechaLimite" TYPE DATE;
Executing (default): ALTER TABLE "debtControls" ALTER COLUMN "estado" DROP NOT NULL;ALTER TABLE "debtControls" ALTER COLUMN "estado" SET DEFAULT 'pendiente';DO 'BEGIN CREATE TYPE "public"."enum_debtControls_estado" AS ENUM(''pendiente'', ''pagado''); EXCEPTION WHEN duplicate_object THEN null; END';ALTER TABLE "debtControls" ALTER COLUMN "estado" TYPE "public"."enum_debtControls_estado" USING ("estado"::"public"."enum_debtControls_estado");
Executing (default): ALTER TABLE "debtControls" ALTER COLUMN "cuotasTotales" SET NOT NULL;ALTER TABLE "debtControls" ALTER COLUMN "cuotasTotales" SET DEFAULT 1;ALTER TABLE "debtControls" ALTER COLUMN "cuotasTotales" TYPE INTEGER;
Executing (default): ALTER TABLE "debtControls" ALTER COLUMN "detalleCuotas" DROP NOT NULL;ALTER TABLE "debtControls" ALTER COLUMN "detalleCuotas" DROP DEFAULT;ALTER TABLE "debtControls" ALTER COLUMN "detalleCuotas" TYPE JSON;
Executing (default): ALTER TABLE "debtControls" ALTER COLUMN "createdAt" SET NOT NULL;ALTER TABLE "debtControls" ALTER COLUMN "createdAt" DROP DEFAULT;ALTER TABLE "debtControls" ALTER COLUMN "createdAt" TYPE TIMESTAMP WITH TIME ZONE;
Executing (default): ALTER TABLE "debtControls" ALTER COLUMN "updatedAt" SET NOT NULL;ALTER TABLE "debtControls" ALTER COLUMN "updatedAt" DROP DEFAULT;ALTER TABLE "debtControls" ALTER COLUMN "updatedAt" TYPE TIMESTAMP WITH TIME ZONE;
Executing (default): ALTER TABLE "debtControls" ALTER COLUMN "deletedAt" DROP NOT NULL;ALTER TABLE "debtControls" ALTER COLUMN "deletedAt" DROP DEFAULT;ALTER TABLE "debtControls" ALTER COLUMN "deletedAt" TYPE TIMESTAMP WITH TIME ZONE;
Executing (default): SELECT i.relname AS name, ix.indisprimary AS primary, ix.indisunique AS unique, ix.indkey AS indkey, array_agg(a.attnum) as column_indexes, array_agg(a.attname) AS column_names, pg_get_indexdef(ix.indexrelid) AS definition FROM pg_class t, pg_class i, pg_index ix, pg_attribute a WHERE t.oid = ix.indrelid AND i.oid = ix.indexrelid AND a.attrelid = t.oid AND t.relkind = 'r' and t.relname = 'debtControls' GROUP BY i.relname, ix.indexrelid, ix.indisprimary, ix.indisunique, ix.indkey ORDER BY i.relname;
Executing (default): SELECT table_name FROM information_schema.tables WHERE table_schema = 'public' AND table_name = 'configuracion_global'
Executing (default): SELECT pk.constraint_type as "Constraint",c.column_name as "Field", c.column_default as "Default",c.is_nullable as "Null", (CASE WHEN c.udt_name = 'hstore' THEN c.udt_name ELSE c.data_type END) || (CASE WHEN c.character_maximum_length IS NOT NULL THEN '(' || c.character_maximum_length || ')' ELSE '' END) as "Type", (SELECT array_agg(e.enumlabel) FROM pg_catalog.pg_type t JOIN pg_catalog.pg_enum e ON t.oid=e.enumtypid WHERE t.typname=c.udt_name) AS "special", (SELECT pgd.description FROM pg_catalog.pg_statio_all_tables AS st INNER JOIN pg_catalog.pg_description pgd on (pgd.objoid=st.relid) WHERE c.ordinal_position=pgd.objsubid AND c.table_name=st.relname) AS "Comment" FROM information_schema.columns c LEFT JOIN (SELECT tc.table_schema, tc.table_name, cu.column_name, tc.constraint_type FROM information_schema.TABLE_CONSTRAINTS tc JOIN information_schema.KEY_COLUMN_USAGE  cu ON tc.table_schema=cu.table_schema and tc.table_name=cu.table_name and tc.constraint_name=cu.constraint_name and tc.constraint_type='PRIMARY KEY') pk ON pk.table_schema=c.table_schema AND pk.table_name=c.table_name AND pk.column_name=c.column_name WHERE c.table_name = 'configuracion_global' AND c.table_schema = 'public'
Executing (default): SELECT DISTINCT tc.constraint_name as constraint_name, tc.constraint_schema as constraint_schema, tc.constraint_catalog as constraint_catalog, tc.table_name as table_name,tc.table_schema as table_schema,tc.table_catalog as table_catalog,tc.initially_deferred as initially_deferred,tc.is_deferrable as is_deferrable,kcu.column_name as column_name,ccu.table_schema  AS referenced_table_schema,ccu.table_catalog  AS referenced_table_catalog,ccu.table_name  AS referenced_table_name,ccu.column_name AS referenced_column_name FROM information_schema.table_constraints AS tc JOIN information_schema.key_column_usage AS kcu ON tc.constraint_name = kcu.constraint_name JOIN information_schema.constraint_column_usage AS ccu ON ccu.constraint_name = tc.constraint_name WHERE constraint_type = 'FOREIGN KEY' AND tc.table_name = 'configuracion_global' AND tc.table_catalog = 'fedeCell'
Executing (default): ALTER TABLE "configuracion_global" ALTER COLUMN "key" SET NOT NULL;ALTER TABLE "configuracion_global" ALTER COLUMN "key" DROP DEFAULT;ALTER TABLE "configuracion_global"  ADD UNIQUE ("key");ALTER TABLE "configuracion_global" ALTER COLUMN "key" TYPE VARCHAR(255)  ;
Executing (default): ALTER TABLE "configuracion_global" ALTER COLUMN "value" SET NOT NULL;ALTER TABLE "configuracion_global" ALTER COLUMN "value" DROP DEFAULT;ALTER TABLE "configuracion_global" ALTER COLUMN "value" TYPE VARCHAR(255);
Executing (default): ALTER TABLE "configuracion_global" ALTER COLUMN "description" DROP NOT NULL;ALTER TABLE "configuracion_global" ALTER COLUMN "description" DROP DEFAULT;ALTER TABLE "configuracion_global" ALTER COLUMN "description" TYPE VARCHAR(255);
Executing (default): ALTER TABLE "configuracion_global" ALTER COLUMN "createdAt" SET NOT NULL;ALTER TABLE "configuracion_global" ALTER COLUMN "createdAt" DROP DEFAULT;ALTER TABLE "configuracion_global" ALTER COLUMN "createdAt" TYPE TIMESTAMP WITH TIME ZONE;
Executing (default): ALTER TABLE "configuracion_global" ALTER COLUMN "updatedAt" SET NOT NULL;ALTER TABLE "configuracion_global" ALTER COLUMN "updatedAt" DROP DEFAULT;ALTER TABLE "configuracion_global" ALTER COLUMN "updatedAt" TYPE TIMESTAMP WITH TIME ZONE;
Executing (default): SELECT i.relname AS name, ix.indisprimary AS primary, ix.indisunique AS unique, ix.indkey AS indkey, array_agg(a.attnum) as column_indexes, array_agg(a.attname) AS column_names, pg_get_indexdef(ix.indexrelid) AS definition FROM pg_class t, pg_class i, pg_index ix, pg_attribute a WHERE t.oid = ix.indrelid AND i.oid = ix.indexrelid AND a.attrelid = t.oid AND t.relkind = 'r' and t.relname = 'configuracion_global' GROUP BY i.relname, ix.indexrelid, ix.indisprimary, ix.indisunique, ix.indkey ORDER BY i.relname;
Executing (default): SELECT table_name FROM information_schema.tables WHERE table_schema = 'public' AND table_name = 'recaudacion_final'
Executing (default): SELECT pk.constraint_type as "Constraint",c.column_name as "Field", c.column_default as "Default",c.is_nullable as "Null", (CASE WHEN c.udt_name = 'hstore' THEN c.udt_name ELSE c.data_type END) || (CASE WHEN c.character_maximum_length IS NOT NULL THEN '(' || c.character_maximum_length || ')' ELSE '' END) as "Type", (SELECT array_agg(e.enumlabel) FROM pg_catalog.pg_type t JOIN pg_catalog.pg_enum e ON t.oid=e.enumtypid WHERE t.typname=c.udt_name) AS "special", (SELECT pgd.description FROM pg_catalog.pg_statio_all_tables AS st INNER JOIN pg_catalog.pg_description pgd on (pgd.objoid=st.relid) WHERE c.ordinal_position=pgd.objsubid AND c.table_name=st.relname) AS "Comment" FROM information_schema.columns c LEFT JOIN (SELECT tc.table_schema, tc.table_name, cu.column_name, tc.constraint_type FROM information_schema.TABLE_CONSTRAINTS tc JOIN information_schema.KEY_COLUMN_USAGE  cu ON tc.table_schema=cu.table_schema and tc.table_name=cu.table_name and tc.constraint_name=cu.constraint_name and tc.constraint_type='PRIMARY KEY') pk ON pk.table_schema=c.table_schema AND pk.table_name=c.table_name AND pk.column_name=c.column_name WHERE c.table_name = 'recaudacion_final' AND c.table_schema = 'public'
Executing (default): SELECT DISTINCT tc.constraint_name as constraint_name, tc.constraint_schema as constraint_schema, tc.constraint_catalog as constraint_catalog, tc.table_name as table_name,tc.table_schema as table_schema,tc.table_catalog as table_catalog,tc.initially_deferred as initially_deferred,tc.is_deferrable as is_deferrable,kcu.column_name as column_name,ccu.table_schema  AS referenced_table_schema,ccu.table_catalog  AS referenced_table_catalog,ccu.table_name  AS referenced_table_name,ccu.column_name AS referenced_column_name FROM information_schema.table_constraints AS tc JOIN information_schema.key_column_usage AS kcu ON tc.constraint_name = kcu.constraint_name JOIN information_schema.constraint_column_usage AS ccu ON ccu.constraint_name = tc.constraint_name WHERE constraint_type = 'FOREIGN KEY' AND tc.table_name = 'recaudacion_final' AND tc.table_catalog = 'fedeCell'
Executing (default): ALTER TABLE "recaudacion_final" ALTER COLUMN "totalFinal" SET NOT NULL;ALTER TABLE "recaudacion_final" ALTER COLUMN "totalFinal" SET DEFAULT 0;ALTER TABLE "recaudacion_final" ALTER COLUMN "totalFinal" TYPE DECIMAL(10,2);
Executing (default): ALTER TABLE "recaudacion_final" ALTER COLUMN "montoFinalEcommerce" SET NOT NULL;ALTER TABLE "recaudacion_final" ALTER COLUMN "montoFinalEcommerce" SET DEFAULT 0;ALTER TABLE "recaudacion_final" ALTER COLUMN "montoFinalEcommerce" TYPE DECIMAL(10,2);
Executing (default): ALTER TABLE "recaudacion_final" ALTER COLUMN "montoFinalLocal" SET NOT NULL;ALTER TABLE "recaudacion_final" ALTER COLUMN "montoFinalLocal" SET DEFAULT 0;ALTER TABLE "recaudacion_final" ALTER COLUMN "montoFinalLocal" TYPE DECIMAL(10,2);
Executing (default): ALTER TABLE "recaudacion_final" ALTER COLUMN "op1" DROP NOT NULL;ALTER TABLE "recaudacion_final" ALTER COLUMN "op1" DROP DEFAULT;ALTER TABLE "recaudacion_final" ALTER COLUMN "op1" TYPE VARCHAR(255);
Executing (default): ALTER TABLE "recaudacion_final" ALTER COLUMN "op2" DROP NOT NULL;ALTER TABLE "recaudacion_final" ALTER COLUMN "op2" DROP DEFAULT;ALTER TABLE "recaudacion_final" ALTER COLUMN "op2" TYPE VARCHAR(255);
Executing (default): ALTER TABLE "recaudacion_final" ALTER COLUMN "op3" DROP NOT NULL;ALTER TABLE "recaudacion_final" ALTER COLUMN "op3" DROP DEFAULT;ALTER TABLE "recaudacion_final" ALTER COLUMN "op3" TYPE VARCHAR(255);
Executing (default): ALTER TABLE "recaudacion_final" ALTER COLUMN "op4" DROP NOT NULL;ALTER TABLE "recaudacion_final" ALTER COLUMN "op4" DROP DEFAULT;ALTER TABLE "recaudacion_final" ALTER COLUMN "op4" TYPE VARCHAR(255);
Executing (default): ALTER TABLE "recaudacion_final" ALTER COLUMN "createdAt" SET NOT NULL;ALTER TABLE "recaudacion_final" ALTER COLUMN "createdAt" DROP DEFAULT;ALTER TABLE "recaudacion_final" ALTER COLUMN "createdAt" TYPE TIMESTAMP WITH TIME ZONE;
Executing (default): ALTER TABLE "recaudacion_final" ALTER COLUMN "updatedAt" SET NOT NULL;ALTER TABLE "recaudacion_final" ALTER COLUMN "updatedAt" DROP DEFAULT;ALTER TABLE "recaudacion_final" ALTER COLUMN "updatedAt" TYPE TIMESTAMP WITH TIME ZONE;
Executing (default): ALTER TABLE "recaudacion_final" ALTER COLUMN "deletedAt" DROP NOT NULL;ALTER TABLE "recaudacion_final" ALTER COLUMN "deletedAt" DROP DEFAULT;ALTER TABLE "recaudacion_final" ALTER COLUMN "deletedAt" TYPE TIMESTAMP WITH TIME ZONE;
Executing (default): ALTER TABLE "recaudacion_final" ALTER COLUMN "productosVendidos" DROP NOT NULL;ALTER TABLE "recaudacion_final" ALTER COLUMN "productosVendidos" DROP DEFAULT;ALTER TABLE "recaudacion_final" ALTER COLUMN "productosVendidos" TYPE JSON;
Executing (default): ALTER TABLE "recaudacion_final" ALTER COLUMN "mes" DROP NOT NULL;ALTER TABLE "recaudacion_final" ALTER COLUMN "mes" DROP DEFAULT;ALTER TABLE "recaudacion_final" ALTER COLUMN "mes" TYPE VARCHAR(255);
Executing (default): ALTER TABLE "recaudacion_final" ALTER COLUMN "detalles_billetes" DROP NOT NULL;ALTER TABLE "recaudacion_final" ALTER COLUMN "detalles_billetes" DROP DEFAULT;ALTER TABLE "recaudacion_final" ALTER COLUMN "detalles_billetes" TYPE JSON;
Executing (default): ALTER TABLE "recaudacion_final" ALTER COLUMN "detalles_vuelto" DROP NOT NULL;ALTER TABLE "recaudacion_final" ALTER COLUMN "detalles_vuelto" DROP DEFAULT;ALTER TABLE "recaudacion_final" ALTER COLUMN "detalles_vuelto" TYPE JSON;
Executing (default): ALTER TABLE "recaudacion_final" ALTER COLUMN "resumen_cierre" DROP NOT NULL;ALTER TABLE "recaudacion_final" ALTER COLUMN "resumen_cierre" DROP DEFAULT;ALTER TABLE "recaudacion_final" ALTER COLUMN "resumen_cierre" TYPE JSON;
Executing (default): SELECT i.relname AS name, ix.indisprimary AS primary, ix.indisunique AS unique, ix.indkey AS indkey, array_agg(a.attnum) as column_indexes, array_agg(a.attname) AS column_names, pg_get_indexdef(ix.indexrelid) AS definition FROM pg_class t, pg_class i, pg_index ix, pg_attribute a WHERE t.oid = ix.indrelid AND i.oid = ix.indexrelid AND a.attrelid = t.oid AND t.relkind = 'r' and t.relname = 'recaudacion_final' GROUP BY i.relname, ix.indexrelid, ix.indisprimary, ix.indisunique, ix.indkey ORDER BY i.relname;
Executing (default): SELECT table_name FROM information_schema.tables WHERE table_schema = 'public' AND table_name = 'cmsVisuals'
Executing (default): SELECT t.typname enum_name, array_agg(e.enumlabel ORDER BY enumsortorder) enum_value FROM pg_type t JOIN pg_enum e ON t.oid = e.enumtypid JOIN pg_catalog.pg_namespace n ON n.oid = t.typnamespace WHERE n.nspname = 'public' AND t.typname='enum_cmsVisuals_seccion' GROUP BY 1
Executing (default): SELECT pk.constraint_type as "Constraint",c.column_name as "Field", c.column_default as "Default",c.is_nullable as "Null", (CASE WHEN c.udt_name = 'hstore' THEN c.udt_name ELSE c.data_type END) || (CASE WHEN c.character_maximum_length IS NOT NULL THEN '(' || c.character_maximum_length || ')' ELSE '' END) as "Type", (SELECT array_agg(e.enumlabel) FROM pg_catalog.pg_type t JOIN pg_catalog.pg_enum e ON t.oid=e.enumtypid WHERE t.typname=c.udt_name) AS "special", (SELECT pgd.description FROM pg_catalog.pg_statio_all_tables AS st INNER JOIN pg_catalog.pg_description pgd on (pgd.objoid=st.relid) WHERE c.ordinal_position=pgd.objsubid AND c.table_name=st.relname) AS "Comment" FROM information_schema.columns c LEFT JOIN (SELECT tc.table_schema, tc.table_name, cu.column_name, tc.constraint_type FROM information_schema.TABLE_CONSTRAINTS tc JOIN information_schema.KEY_COLUMN_USAGE  cu ON tc.table_schema=cu.table_schema and tc.table_name=cu.table_name and tc.constraint_name=cu.constraint_name and tc.constraint_type='PRIMARY KEY') pk ON pk.table_schema=c.table_schema AND pk.table_name=c.table_name AND pk.column_name=c.column_name WHERE c.table_name = 'cmsVisuals' AND c.table_schema = 'public'
Executing (default): SELECT DISTINCT tc.constraint_name as constraint_name, tc.constraint_schema as constraint_schema, tc.constraint_catalog as constraint_catalog, tc.table_name as table_name,tc.table_schema as table_schema,tc.table_catalog as table_catalog,tc.initially_deferred as initially_deferred,tc.is_deferrable as is_deferrable,kcu.column_name as column_name,ccu.table_schema  AS referenced_table_schema,ccu.table_catalog  AS referenced_table_catalog,ccu.table_name  AS referenced_table_name,ccu.column_name AS referenced_column_name FROM information_schema.table_constraints AS tc JOIN information_schema.key_column_usage AS kcu ON tc.constraint_name = kcu.constraint_name JOIN information_schema.constraint_column_usage AS ccu ON ccu.constraint_name = tc.constraint_name WHERE constraint_type = 'FOREIGN KEY' AND tc.table_name = 'cmsVisuals' AND tc.table_catalog = 'fedeCell'
Executing (default): ALTER TABLE "cmsVisuals" ALTER COLUMN "seccion" SET NOT NULL;ALTER TABLE "cmsVisuals" ALTER COLUMN "seccion" DROP DEFAULT;DO 'BEGIN CREATE TYPE "public"."enum_cmsVisuals_seccion" AS ENUM(''HERO'', ''REPARACIONES'', ''PROMOS''); EXCEPTION WHEN duplicate_object THEN null; END';ALTER TABLE "cmsVisuals" ALTER COLUMN "seccion" TYPE "public"."enum_cmsVisuals_seccion" USING ("seccion"::"public"."enum_cmsVisuals_seccion");
Executing (default): ALTER TABLE "cmsVisuals" ALTER COLUMN "label" SET NOT NULL;ALTER TABLE "cmsVisuals" ALTER COLUMN "label" DROP DEFAULT;ALTER TABLE "cmsVisuals" ALTER COLUMN "label" TYPE VARCHAR(255);
Executing (default): ALTER TABLE "cmsVisuals" ALTER COLUMN "imageUrl" SET NOT NULL;ALTER TABLE "cmsVisuals" ALTER COLUMN "imageUrl" DROP DEFAULT;ALTER TABLE "cmsVisuals" ALTER COLUMN "imageUrl" TYPE VARCHAR(255);
Executing (default): ALTER TABLE "cmsVisuals" ALTER COLUMN "aspectRatio" DROP NOT NULL;ALTER TABLE "cmsVisuals" ALTER COLUMN "aspectRatio" DROP DEFAULT;ALTER TABLE "cmsVisuals" ALTER COLUMN "aspectRatio" TYPE VARCHAR(255);
Executing (default): ALTER TABLE "cmsVisuals" ALTER COLUMN "descripcion" DROP NOT NULL;ALTER TABLE "cmsVisuals" ALTER COLUMN "descripcion" DROP DEFAULT;ALTER TABLE "cmsVisuals" ALTER COLUMN "descripcion" TYPE TEXT;
Executing (default): ALTER TABLE "cmsVisuals" ALTER COLUMN "activo" DROP NOT NULL;ALTER TABLE "cmsVisuals" ALTER COLUMN "activo" SET DEFAULT true;ALTER TABLE "cmsVisuals" ALTER COLUMN "activo" TYPE BOOLEAN;
Executing (default): ALTER TABLE "cmsVisuals" ALTER COLUMN "createdAt" SET NOT NULL;ALTER TABLE "cmsVisuals" ALTER COLUMN "createdAt" DROP DEFAULT;ALTER TABLE "cmsVisuals" ALTER COLUMN "createdAt" TYPE TIMESTAMP WITH TIME ZONE;
Executing (default): ALTER TABLE "cmsVisuals" ALTER COLUMN "updatedAt" SET NOT NULL;ALTER TABLE "cmsVisuals" ALTER COLUMN "updatedAt" DROP DEFAULT;ALTER TABLE "cmsVisuals" ALTER COLUMN "updatedAt" TYPE TIMESTAMP WITH TIME ZONE;
Executing (default): ALTER TABLE "cmsVisuals" ALTER COLUMN "deletedAt" DROP NOT NULL;ALTER TABLE "cmsVisuals" ALTER COLUMN "deletedAt" DROP DEFAULT;ALTER TABLE "cmsVisuals" ALTER COLUMN "deletedAt" TYPE TIMESTAMP WITH TIME ZONE;
Executing (default): ALTER TABLE "cmsVisuals" ALTER COLUMN "position" SET NOT NULL;ALTER TABLE "cmsVisuals" ALTER COLUMN "position" SET DEFAULT '50% 50%';ALTER TABLE "cmsVisuals" ALTER COLUMN "position" TYPE VARCHAR(255);
Executing (default): SELECT i.relname AS name, ix.indisprimary AS primary, ix.indisunique AS unique, ix.indkey AS indkey, array_agg(a.attnum) as column_indexes, array_agg(a.attname) AS column_names, pg_get_indexdef(ix.indexrelid) AS definition FROM pg_class t, pg_class i, pg_index ix, pg_attribute a WHERE t.oid = ix.indrelid AND i.oid = ix.indexrelid AND a.attrelid = t.oid AND t.relkind = 'r' and t.relname = 'cmsVisuals' GROUP BY i.relname, ix.indexrelid, ix.indisprimary, ix.indisunique, ix.indkey ORDER BY i.relname;
Executing (default): SELECT table_name FROM information_schema.tables WHERE table_schema = 'public' AND table_name = 'devolucions'
Executing (default): SELECT pk.constraint_type as "Constraint",c.column_name as "Field", c.column_default as "Default",c.is_nullable as "Null", (CASE WHEN c.udt_name = 'hstore' THEN c.udt_name ELSE c.data_type END) || (CASE WHEN c.character_maximum_length IS NOT NULL THEN '(' || c.character_maximum_length || ')' ELSE '' END) as "Type", (SELECT array_agg(e.enumlabel) FROM pg_catalog.pg_type t JOIN pg_catalog.pg_enum e ON t.oid=e.enumtypid WHERE t.typname=c.udt_name) AS "special", (SELECT pgd.description FROM pg_catalog.pg_statio_all_tables AS st INNER JOIN pg_catalog.pg_description pgd on (pgd.objoid=st.relid) WHERE c.ordinal_position=pgd.objsubid AND c.table_name=st.relname) AS "Comment" FROM information_schema.columns c LEFT JOIN (SELECT tc.table_schema, tc.table_name, cu.column_name, tc.constraint_type FROM information_schema.TABLE_CONSTRAINTS tc JOIN information_schema.KEY_COLUMN_USAGE  cu ON tc.table_schema=cu.table_schema and tc.table_name=cu.table_name and tc.constraint_name=cu.constraint_name and tc.constraint_type='PRIMARY KEY') pk ON pk.table_schema=c.table_schema AND pk.table_name=c.table_name AND pk.column_name=c.column_name WHERE c.table_name = 'devolucions' AND c.table_schema = 'public'
Executing (default): SELECT DISTINCT tc.constraint_name as constraint_name, tc.constraint_schema as constraint_schema, tc.constraint_catalog as constraint_catalog, tc.table_name as table_name,tc.table_schema as table_schema,tc.table_catalog as table_catalog,tc.initially_deferred as initially_deferred,tc.is_deferrable as is_deferrable,kcu.column_name as column_name,ccu.table_schema  AS referenced_table_schema,ccu.table_catalog  AS referenced_table_catalog,ccu.table_name  AS referenced_table_name,ccu.column_name AS referenced_column_name FROM information_schema.table_constraints AS tc JOIN information_schema.key_column_usage AS kcu ON tc.constraint_name = kcu.constraint_name JOIN information_schema.constraint_column_usage AS ccu ON ccu.constraint_name = tc.constraint_name WHERE constraint_type = 'FOREIGN KEY' AND tc.table_name = 'devolucions' AND tc.table_catalog = 'fedeCell'
Executing (default): ALTER TABLE "devolucions" ALTER COLUMN "clientName" SET NOT NULL;ALTER TABLE "devolucions" ALTER COLUMN "clientName" DROP DEFAULT;ALTER TABLE "devolucions" ALTER COLUMN "clientName" TYPE VARCHAR(255);
Executing (default): ALTER TABLE "devolucions" ALTER COLUMN "returnDate" SET NOT NULL;ALTER TABLE "devolucions" ALTER COLUMN "returnDate" DROP DEFAULT;ALTER TABLE "devolucions" ALTER COLUMN "returnDate" TYPE DATE;
Executing (default): ALTER TABLE "devolucions" ALTER COLUMN "generalReason" SET NOT NULL;ALTER TABLE "devolucions" ALTER COLUMN "generalReason" DROP DEFAULT;ALTER TABLE "devolucions" ALTER COLUMN "generalReason" TYPE VARCHAR(255);
Executing (default): ALTER TABLE "devolucions" ALTER COLUMN "createdAt" SET NOT NULL;ALTER TABLE "devolucions" ALTER COLUMN "createdAt" DROP DEFAULT;ALTER TABLE "devolucions" ALTER COLUMN "createdAt" TYPE TIMESTAMP WITH TIME ZONE;
Executing (default): ALTER TABLE "devolucions" ALTER COLUMN "updatedAt" SET NOT NULL;ALTER TABLE "devolucions" ALTER COLUMN "updatedAt" DROP DEFAULT;ALTER TABLE "devolucions" ALTER COLUMN "updatedAt" TYPE TIMESTAMP WITH TIME ZONE;
Executing (default): ALTER TABLE "devolucions" ALTER COLUMN "deletedAt" DROP NOT NULL;ALTER TABLE "devolucions" ALTER COLUMN "deletedAt" DROP DEFAULT;ALTER TABLE "devolucions" ALTER COLUMN "deletedAt" TYPE TIMESTAMP WITH TIME ZONE;
Executing (default): SELECT i.relname AS name, ix.indisprimary AS primary, ix.indisunique AS unique, ix.indkey AS indkey, array_agg(a.attnum) as column_indexes, array_agg(a.attname) AS column_names, pg_get_indexdef(ix.indexrelid) AS definition FROM pg_class t, pg_class i, pg_index ix, pg_attribute a WHERE t.oid = ix.indrelid AND i.oid = ix.indexrelid AND a.attrelid = t.oid AND t.relkind = 'r' and t.relname = 'devolucions' GROUP BY i.relname, ix.indexrelid, ix.indisprimary, ix.indisunique, ix.indkey ORDER BY i.relname;
Executing (default): SELECT table_name FROM information_schema.tables WHERE table_schema = 'public' AND table_name = 'devolucionLotes'
Executing (default): SELECT pk.constraint_type as "Constraint",c.column_name as "Field", c.column_default as "Default",c.is_nullable as "Null", (CASE WHEN c.udt_name = 'hstore' THEN c.udt_name ELSE c.data_type END) || (CASE WHEN c.character_maximum_length IS NOT NULL THEN '(' || c.character_maximum_length || ')' ELSE '' END) as "Type", (SELECT array_agg(e.enumlabel) FROM pg_catalog.pg_type t JOIN pg_catalog.pg_enum e ON t.oid=e.enumtypid WHERE t.typname=c.udt_name) AS "special", (SELECT pgd.description FROM pg_catalog.pg_statio_all_tables AS st INNER JOIN pg_catalog.pg_description pgd on (pgd.objoid=st.relid) WHERE c.ordinal_position=pgd.objsubid AND c.table_name=st.relname) AS "Comment" FROM information_schema.columns c LEFT JOIN (SELECT tc.table_schema, tc.table_name, cu.column_name, tc.constraint_type FROM information_schema.TABLE_CONSTRAINTS tc JOIN information_schema.KEY_COLUMN_USAGE  cu ON tc.table_schema=cu.table_schema and tc.table_name=cu.table_name and tc.constraint_name=cu.constraint_name and tc.constraint_type='PRIMARY KEY') pk ON pk.table_schema=c.table_schema AND pk.table_name=c.table_name AND pk.column_name=c.column_name WHERE c.table_name = 'devolucionLotes' AND c.table_schema = 'public'
Executing (default): SELECT DISTINCT tc.constraint_name as constraint_name, tc.constraint_schema as constraint_schema, tc.constraint_catalog as constraint_catalog, tc.table_name as table_name,tc.table_schema as table_schema,tc.table_catalog as table_catalog,tc.initially_deferred as initially_deferred,tc.is_deferrable as is_deferrable,kcu.column_name as column_name,ccu.table_schema  AS referenced_table_schema,ccu.table_catalog  AS referenced_table_catalog,ccu.table_name  AS referenced_table_name,ccu.column_name AS referenced_column_name FROM information_schema.table_constraints AS tc JOIN information_schema.key_column_usage AS kcu ON tc.constraint_name = kcu.constraint_name JOIN information_schema.constraint_column_usage AS ccu ON ccu.constraint_name = tc.constraint_name WHERE constraint_type = 'FOREIGN KEY' AND tc.table_name = 'devolucionLotes' AND tc.table_catalog = 'fedeCell'
Executing (default): ALTER TABLE "devolucionLotes" ALTER COLUMN "packageName" SET NOT NULL;ALTER TABLE "devolucionLotes" ALTER COLUMN "packageName" DROP DEFAULT;ALTER TABLE "devolucionLotes" ALTER COLUMN "packageName" TYPE VARCHAR(255);
Executing (default): ALTER TABLE "devolucionLotes" ALTER COLUMN "createdAt" SET NOT NULL;ALTER TABLE "devolucionLotes" ALTER COLUMN "createdAt" DROP DEFAULT;ALTER TABLE "devolucionLotes" ALTER COLUMN "createdAt" TYPE TIMESTAMP WITH TIME ZONE;
Executing (default): ALTER TABLE "devolucionLotes" ALTER COLUMN "updatedAt" SET NOT NULL;ALTER TABLE "devolucionLotes" ALTER COLUMN "updatedAt" DROP DEFAULT;ALTER TABLE "devolucionLotes" ALTER COLUMN "updatedAt" TYPE TIMESTAMP WITH TIME ZONE;
Executing (default): ALTER TABLE "devolucionLotes" DROP CONSTRAINT "devolucionLotes_devolucionDevolucionId_fkey"
Executing (default): ALTER TABLE "devolucionLotes" DROP CONSTRAINT "devolucionLotes_devolucionId_fkey"
Executing (default): ALTER TABLE "devolucionLotes"  ADD FOREIGN KEY ("devolucionId") REFERENCES "devolucions" ("DevolucionId") ON DELETE SET NULL ON UPDATE CASCADE;
Executing (default): ALTER TABLE "devolucionLotes"  ADD FOREIGN KEY ("devolucionDevolucionId") REFERENCES "devolucions" ("DevolucionId") ON DELETE SET NULL ON UPDATE CASCADE;
Executing (default): SELECT i.relname AS name, ix.indisprimary AS primary, ix.indisunique AS unique, ix.indkey AS indkey, array_agg(a.attnum) as column_indexes, array_agg(a.attname) AS column_names, pg_get_indexdef(ix.indexrelid) AS definition FROM pg_class t, pg_class i, pg_index ix, pg_attribute a WHERE t.oid = ix.indrelid AND i.oid = ix.indexrelid AND a.attrelid = t.oid AND t.relkind = 'r' and t.relname = 'devolucionLotes' GROUP BY i.relname, ix.indexrelid, ix.indisprimary, ix.indisunique, ix.indkey ORDER BY i.relname;
Executing (default): SELECT table_name FROM information_schema.tables WHERE table_schema = 'public' AND table_name = 'devolucionProductos'
Executing (default): SELECT pk.constraint_type as "Constraint",c.column_name as "Field", c.column_default as "Default",c.is_nullable as "Null", (CASE WHEN c.udt_name = 'hstore' THEN c.udt_name ELSE c.data_type END) || (CASE WHEN c.character_maximum_length IS NOT NULL THEN '(' || c.character_maximum_length || ')' ELSE '' END) as "Type", (SELECT array_agg(e.enumlabel) FROM pg_catalog.pg_type t JOIN pg_catalog.pg_enum e ON t.oid=e.enumtypid WHERE t.typname=c.udt_name) AS "special", (SELECT pgd.description FROM pg_catalog.pg_statio_all_tables AS st INNER JOIN pg_catalog.pg_description pgd on (pgd.objoid=st.relid) WHERE c.ordinal_position=pgd.objsubid AND c.table_name=st.relname) AS "Comment" FROM information_schema.columns c LEFT JOIN (SELECT tc.table_schema, tc.table_name, cu.column_name, tc.constraint_type FROM information_schema.TABLE_CONSTRAINTS tc JOIN information_schema.KEY_COLUMN_USAGE  cu ON tc.table_schema=cu.table_schema and tc.table_name=cu.table_name and tc.constraint_name=cu.constraint_name and tc.constraint_type='PRIMARY KEY') pk ON pk.table_schema=c.table_schema AND pk.table_name=c.table_name AND pk.column_name=c.column_name WHERE c.table_name = 'devolucionProductos' AND c.table_schema = 'public'
Executing (default): SELECT DISTINCT tc.constraint_name as constraint_name, tc.constraint_schema as constraint_schema, tc.constraint_catalog as constraint_catalog, tc.table_name as table_name,tc.table_schema as table_schema,tc.table_catalog as table_catalog,tc.initially_deferred as initially_deferred,tc.is_deferrable as is_deferrable,kcu.column_name as column_name,ccu.table_schema  AS referenced_table_schema,ccu.table_catalog  AS referenced_table_catalog,ccu.table_name  AS referenced_table_name,ccu.column_name AS referenced_column_name FROM information_schema.table_constraints AS tc JOIN information_schema.key_column_usage AS kcu ON tc.constraint_name = kcu.constraint_name JOIN information_schema.constraint_column_usage AS ccu ON ccu.constraint_name = tc.constraint_name WHERE constraint_type = 'FOREIGN KEY' AND tc.table_name = 'devolucionProductos' AND tc.table_catalog = 'fedeCell'
Executing (default): ALTER TABLE "devolucionProductos" ALTER COLUMN "name" SET NOT NULL;ALTER TABLE "devolucionProductos" ALTER COLUMN "name" DROP DEFAULT;ALTER TABLE "devolucionProductos" ALTER COLUMN "name" TYPE VARCHAR(255);
Executing (default): ALTER TABLE "devolucionProductos" ALTER COLUMN "quantity" SET NOT NULL;ALTER TABLE "devolucionProductos" ALTER COLUMN "quantity" SET DEFAULT 1;ALTER TABLE "devolucionProductos" ALTER COLUMN "quantity" TYPE INTEGER;
Executing (default): ALTER TABLE "devolucionProductos" ALTER COLUMN "reason" DROP NOT NULL;ALTER TABLE "devolucionProductos" ALTER COLUMN "reason" DROP DEFAULT;ALTER TABLE "devolucionProductos" ALTER COLUMN "reason" TYPE VARCHAR(255);
Executing (default): ALTER TABLE "devolucionProductos" ALTER COLUMN "createdAt" SET NOT NULL;ALTER TABLE "devolucionProductos" ALTER COLUMN "createdAt" DROP DEFAULT;ALTER TABLE "devolucionProductos" ALTER COLUMN "createdAt" TYPE TIMESTAMP WITH TIME ZONE;
Executing (default): ALTER TABLE "devolucionProductos" ALTER COLUMN "updatedAt" SET NOT NULL;ALTER TABLE "devolucionProductos" ALTER COLUMN "updatedAt" DROP DEFAULT;ALTER TABLE "devolucionProductos" ALTER COLUMN "updatedAt" TYPE TIMESTAMP WITH TIME ZONE;
Executing (default): ALTER TABLE "devolucionProductos" DROP CONSTRAINT "devolucionProductos_devolucionLoteLoteId_fkey"
Executing (default): ALTER TABLE "devolucionProductos" DROP CONSTRAINT "devolucionProductos_loteId_fkey"
Executing (default): ALTER TABLE "devolucionProductos"  ADD FOREIGN KEY ("loteId") REFERENCES "devolucionLotes" ("LoteId") ON DELETE SET NULL ON UPDATE CASCADE;
Executing (default): ALTER TABLE "devolucionProductos"  ADD FOREIGN KEY ("devolucionLoteLoteId") REFERENCES "devolucionLotes" ("LoteId") ON DELETE SET NULL ON UPDATE CASCADE;
Executing (default): SELECT i.relname AS name, ix.indisprimary AS primary, ix.indisunique AS unique, ix.indkey AS indkey, array_agg(a.attnum) as column_indexes, array_agg(a.attname) AS column_names, pg_get_indexdef(ix.indexrelid) AS definition FROM pg_class t, pg_class i, pg_index ix, pg_attribute a WHERE t.oid = ix.indrelid AND i.oid = ix.indexrelid AND a.attrelid = t.oid AND t.relkind = 'r' and t.relname = 'devolucionProductos' GROUP BY i.relname, ix.indexrelid, ix.indisprimary, ix.indisunique, ix.indkey ORDER BY i.relname;
Executing (default): SELECT table_name FROM information_schema.tables WHERE table_schema = 'public' AND table_name = 'remitos'
Executing (default): SELECT t.typname enum_name, array_agg(e.enumlabel ORDER BY enumsortorder) enum_value FROM pg_type t JOIN pg_enum e ON t.oid = e.enumtypid JOIN pg_catalog.pg_namespace n ON n.oid = t.typnamespace WHERE n.nspname = 'public' AND t.typname='enum_remitos_estado' GROUP BY 1
Executing (default): SELECT pk.constraint_type as "Constraint",c.column_name as "Field", c.column_default as "Default",c.is_nullable as "Null", (CASE WHEN c.udt_name = 'hstore' THEN c.udt_name ELSE c.data_type END) || (CASE WHEN c.character_maximum_length IS NOT NULL THEN '(' || c.character_maximum_length || ')' ELSE '' END) as "Type", (SELECT array_agg(e.enumlabel) FROM pg_catalog.pg_type t JOIN pg_catalog.pg_enum e ON t.oid=e.enumtypid WHERE t.typname=c.udt_name) AS "special", (SELECT pgd.description FROM pg_catalog.pg_statio_all_tables AS st INNER JOIN pg_catalog.pg_description pgd on (pgd.objoid=st.relid) WHERE c.ordinal_position=pgd.objsubid AND c.table_name=st.relname) AS "Comment" FROM information_schema.columns c LEFT JOIN (SELECT tc.table_schema, tc.table_name, cu.column_name, tc.constraint_type FROM information_schema.TABLE_CONSTRAINTS tc JOIN information_schema.KEY_COLUMN_USAGE  cu ON tc.table_schema=cu.table_schema and tc.table_name=cu.table_name and tc.constraint_name=cu.constraint_name and tc.constraint_type='PRIMARY KEY') pk ON pk.table_schema=c.table_schema AND pk.table_name=c.table_name AND pk.column_name=c.column_name WHERE c.table_name = 'remitos' AND c.table_schema = 'public'
Executing (default): SELECT DISTINCT tc.constraint_name as constraint_name, tc.constraint_schema as constraint_schema, tc.constraint_catalog as constraint_catalog, tc.table_name as table_name,tc.table_schema as table_schema,tc.table_catalog as table_catalog,tc.initially_deferred as initially_deferred,tc.is_deferrable as is_deferrable,kcu.column_name as column_name,ccu.table_schema  AS referenced_table_schema,ccu.table_catalog  AS referenced_table_catalog,ccu.table_name  AS referenced_table_name,ccu.column_name AS referenced_column_name FROM information_schema.table_constraints AS tc JOIN information_schema.key_column_usage AS kcu ON tc.constraint_name = kcu.constraint_name JOIN information_schema.constraint_column_usage AS ccu ON ccu.constraint_name = tc.constraint_name WHERE constraint_type = 'FOREIGN KEY' AND tc.table_name = 'remitos' AND tc.table_catalog = 'fedeCell'
Executing (default): ALTER TABLE "remitos" ALTER COLUMN "proveedor" SET NOT NULL;ALTER TABLE "remitos" ALTER COLUMN "proveedor" DROP DEFAULT;ALTER TABLE "remitos" ALTER COLUMN "proveedor" TYPE VARCHAR(255);
Executing (default): ALTER TABLE "remitos" ALTER COLUMN "total" SET NOT NULL;ALTER TABLE "remitos" ALTER COLUMN "total" DROP DEFAULT;ALTER TABLE "remitos" ALTER COLUMN "total" TYPE DECIMAL(15,2);
Executing (default): ALTER TABLE "remitos" ALTER COLUMN "fechaRecepcion" SET NOT NULL;ALTER TABLE "remitos" ALTER COLUMN "fechaRecepcion" DROP DEFAULT;ALTER TABLE "remitos" ALTER COLUMN "fechaRecepcion" TYPE DATE;
Executing (default): ALTER TABLE "remitos" ALTER COLUMN "estado" DROP NOT NULL;ALTER TABLE "remitos" ALTER COLUMN "estado" SET DEFAULT 'no pagado';DO 'BEGIN CREATE TYPE "public"."enum_remitos_estado" AS ENUM(''pagado'', ''no pagado''); EXCEPTION WHEN duplicate_object THEN null; END';ALTER TABLE "remitos" ALTER COLUMN "estado" TYPE "public"."enum_remitos_estado" USING ("estado"::"public"."enum_remitos_estado");
Executing (default): ALTER TABLE "remitos" ALTER COLUMN "metodoPago" DROP NOT NULL;ALTER TABLE "remitos" ALTER COLUMN "metodoPago" DROP DEFAULT;ALTER TABLE "remitos" ALTER COLUMN "metodoPago" TYPE VARCHAR(255);
Executing (default): ALTER TABLE "remitos" ALTER COLUMN "createdAt" SET NOT NULL;ALTER TABLE "remitos" ALTER COLUMN "createdAt" DROP DEFAULT;ALTER TABLE "remitos" ALTER COLUMN "createdAt" TYPE TIMESTAMP WITH TIME ZONE;
Executing (default): ALTER TABLE "remitos" ALTER COLUMN "updatedAt" SET NOT NULL;ALTER TABLE "remitos" ALTER COLUMN "updatedAt" DROP DEFAULT;ALTER TABLE "remitos" ALTER COLUMN "updatedAt" TYPE TIMESTAMP WITH TIME ZONE;
Executing (default): ALTER TABLE "remitos" ALTER COLUMN "deletedAt" DROP NOT NULL;ALTER TABLE "remitos" ALTER COLUMN "deletedAt" DROP DEFAULT;ALTER TABLE "remitos" ALTER COLUMN "deletedAt" TYPE TIMESTAMP WITH TIME ZONE;
Executing (default): SELECT i.relname AS name, ix.indisprimary AS primary, ix.indisunique AS unique, ix.indkey AS indkey, array_agg(a.attnum) as column_indexes, array_agg(a.attname) AS column_names, pg_get_indexdef(ix.indexrelid) AS definition FROM pg_class t, pg_class i, pg_index ix, pg_attribute a WHERE t.oid = ix.indrelid AND i.oid = ix.indexrelid AND a.attrelid = t.oid AND t.relkind = 'r' and t.relname = 'remitos' GROUP BY i.relname, ix.indexrelid, ix.indisprimary, ix.indisunique, ix.indkey ORDER BY i.relname;
Executing (default): SELECT table_name FROM information_schema.tables WHERE table_schema = 'public' AND table_name = 'remitoItems'
Executing (default): SELECT pk.constraint_type as "Constraint",c.column_name as "Field", c.column_default as "Default",c.is_nullable as "Null", (CASE WHEN c.udt_name = 'hstore' THEN c.udt_name ELSE c.data_type END) || (CASE WHEN c.character_maximum_length IS NOT NULL THEN '(' || c.character_maximum_length || ')' ELSE '' END) as "Type", (SELECT array_agg(e.enumlabel) FROM pg_catalog.pg_type t JOIN pg_catalog.pg_enum e ON t.oid=e.enumtypid WHERE t.typname=c.udt_name) AS "special", (SELECT pgd.description FROM pg_catalog.pg_statio_all_tables AS st INNER JOIN pg_catalog.pg_description pgd on (pgd.objoid=st.relid) WHERE c.ordinal_position=pgd.objsubid AND c.table_name=st.relname) AS "Comment" FROM information_schema.columns c LEFT JOIN (SELECT tc.table_schema, tc.table_name, cu.column_name, tc.constraint_type FROM information_schema.TABLE_CONSTRAINTS tc JOIN information_schema.KEY_COLUMN_USAGE  cu ON tc.table_schema=cu.table_schema and tc.table_name=cu.table_name and tc.constraint_name=cu.constraint_name and tc.constraint_type='PRIMARY KEY') pk ON pk.table_schema=c.table_schema AND pk.table_name=c.table_name AND pk.column_name=c.column_name WHERE c.table_name = 'remitoItems' AND c.table_schema = 'public'
Executing (default): SELECT DISTINCT tc.constraint_name as constraint_name, tc.constraint_schema as constraint_schema, tc.constraint_catalog as constraint_catalog, tc.table_name as table_name,tc.table_schema as table_schema,tc.table_catalog as table_catalog,tc.initially_deferred as initially_deferred,tc.is_deferrable as is_deferrable,kcu.column_name as column_name,ccu.table_schema  AS referenced_table_schema,ccu.table_catalog  AS referenced_table_catalog,ccu.table_name  AS referenced_table_name,ccu.column_name AS referenced_column_name FROM information_schema.table_constraints AS tc JOIN information_schema.key_column_usage AS kcu ON tc.constraint_name = kcu.constraint_name JOIN information_schema.constraint_column_usage AS ccu ON ccu.constraint_name = tc.constraint_name WHERE constraint_type = 'FOREIGN KEY' AND tc.table_name = 'remitoItems' AND tc.table_catalog = 'fedeCell'
Executing (default): ALTER TABLE "remitoItems" ALTER COLUMN "nombre" SET NOT NULL;ALTER TABLE "remitoItems" ALTER COLUMN "nombre" DROP DEFAULT;ALTER TABLE "remitoItems" ALTER COLUMN "nombre" TYPE VARCHAR(255);
Executing (default): ALTER TABLE "remitoItems" ALTER COLUMN "marca" DROP NOT NULL;ALTER TABLE "remitoItems" ALTER COLUMN "marca" DROP DEFAULT;ALTER TABLE "remitoItems" ALTER COLUMN "marca" TYPE VARCHAR(255);
Executing (default): ALTER TABLE "remitoItems" ALTER COLUMN "categoria" DROP NOT NULL;ALTER TABLE "remitoItems" ALTER COLUMN "categoria" DROP DEFAULT;ALTER TABLE "remitoItems" ALTER COLUMN "categoria" TYPE VARCHAR(255);
Executing (default): ALTER TABLE "remitoItems" ALTER COLUMN "costoCompra" DROP NOT NULL;ALTER TABLE "remitoItems" ALTER COLUMN "costoCompra" DROP DEFAULT;ALTER TABLE "remitoItems" ALTER COLUMN "costoCompra" TYPE DECIMAL(15,2);
Executing (default): ALTER TABLE "remitoItems" ALTER COLUMN "precioVenta" DROP NOT NULL;ALTER TABLE "remitoItems" ALTER COLUMN "precioVenta" DROP DEFAULT;ALTER TABLE "remitoItems" ALTER COLUMN "precioVenta" TYPE DECIMAL(15,2);
Executing (default): ALTER TABLE "remitoItems" ALTER COLUMN "precioMayorista" DROP NOT NULL;ALTER TABLE "remitoItems" ALTER COLUMN "precioMayorista" DROP DEFAULT;ALTER TABLE "remitoItems" ALTER COLUMN "precioMayorista" TYPE DECIMAL(15,2);
Executing (default): ALTER TABLE "remitoItems" ALTER COLUMN "precioRevendedor" DROP NOT NULL;ALTER TABLE "remitoItems" ALTER COLUMN "precioRevendedor" DROP DEFAULT;ALTER TABLE "remitoItems" ALTER COLUMN "precioRevendedor" TYPE DECIMAL(15,2);
Executing (default): ALTER TABLE "remitoItems" ALTER COLUMN "cantidad" DROP NOT NULL;ALTER TABLE "remitoItems" ALTER COLUMN "cantidad" SET DEFAULT 1;ALTER TABLE "remitoItems" ALTER COLUMN "cantidad" TYPE INTEGER;
Executing (default): ALTER TABLE "remitoItems" ALTER COLUMN "alertaStock" DROP NOT NULL;ALTER TABLE "remitoItems" ALTER COLUMN "alertaStock" SET DEFAULT 5;ALTER TABLE "remitoItems" ALTER COLUMN "alertaStock" TYPE INTEGER;
Executing (default): ALTER TABLE "remitoItems" ALTER COLUMN "proveedorOrigen" DROP NOT NULL;ALTER TABLE "remitoItems" ALTER COLUMN "proveedorOrigen" DROP DEFAULT;ALTER TABLE "remitoItems" ALTER COLUMN "proveedorOrigen" TYPE VARCHAR(255);
Executing (default): ALTER TABLE "remitoItems" ALTER COLUMN "fechaActualizacion" DROP NOT NULL;ALTER TABLE "remitoItems" ALTER COLUMN "fechaActualizacion" DROP DEFAULT;ALTER TABLE "remitoItems" ALTER COLUMN "fechaActualizacion" TYPE DATE;
Executing (default): ALTER TABLE "remitoItems" ALTER COLUMN "fechaUltimoCargo" DROP NOT NULL;ALTER TABLE "remitoItems" ALTER COLUMN "fechaUltimoCargo" DROP DEFAULT;ALTER TABLE "remitoItems" ALTER COLUMN "fechaUltimoCargo" TYPE DATE;
Executing (default): ALTER TABLE "remitoItems" ALTER COLUMN "descripcion" DROP NOT NULL;ALTER TABLE "remitoItems" ALTER COLUMN "descripcion" DROP DEFAULT;ALTER TABLE "remitoItems" ALTER COLUMN "descripcion" TYPE TEXT;
Executing (default): ALTER TABLE "remitoItems" ALTER COLUMN "imagenes" DROP NOT NULL;ALTER TABLE "remitoItems" ALTER COLUMN "imagenes" DROP DEFAULT;ALTER TABLE "remitoItems" ALTER COLUMN "imagenes" TYPE JSON;
Executing (default): ALTER TABLE "remitoItems" DROP CONSTRAINT "remitoItems_remitoId_fkey"
Executing (default): ALTER TABLE "remitoItems"  ADD FOREIGN KEY ("remitoId") REFERENCES "remitos" ("RemitoId") ON DELETE SET NULL ON UPDATE CASCADE;
Executing (default): ALTER TABLE "remitoItems" ALTER COLUMN "variantes" DROP NOT NULL;ALTER TABLE "remitoItems" ALTER COLUMN "variantes" DROP DEFAULT;ALTER TABLE "remitoItems" ALTER COLUMN "variantes" TYPE JSON;
Executing (default): SELECT i.relname AS name, ix.indisprimary AS primary, ix.indisunique AS unique, ix.indkey AS indkey, array_agg(a.attnum) as column_indexes, array_agg(a.attname) AS column_names, pg_get_indexdef(ix.indexrelid) AS definition FROM pg_class t, pg_class i, pg_index ix, pg_attribute a WHERE t.oid = ix.indrelid AND i.oid = ix.indexrelid AND a.attrelid = t.oid AND t.relkind = 'r' and t.relname = 'remitoItems' GROUP BY i.relname, ix.indexrelid, ix.indisprimary, ix.indisunique, ix.indkey ORDER BY i.relname;
Executing (default): SELECT table_name FROM information_schema.tables WHERE table_schema = 'public' AND table_name = 'ordenes'
Executing (default): SELECT pk.constraint_type as "Constraint",c.column_name as "Field", c.column_default as "Default",c.is_nullable as "Null", (CASE WHEN c.udt_name = 'hstore' THEN c.udt_name ELSE c.data_type END) || (CASE WHEN c.character_maximum_length IS NOT NULL THEN '(' || c.character_maximum_length || ')' ELSE '' END) as "Type", (SELECT array_agg(e.enumlabel) FROM pg_catalog.pg_type t JOIN pg_catalog.pg_enum e ON t.oid=e.enumtypid WHERE t.typname=c.udt_name) AS "special", (SELECT pgd.description FROM pg_catalog.pg_statio_all_tables AS st INNER JOIN pg_catalog.pg_description pgd on (pgd.objoid=st.relid) WHERE c.ordinal_position=pgd.objsubid AND c.table_name=st.relname) AS "Comment" FROM information_schema.columns c LEFT JOIN (SELECT tc.table_schema, tc.table_name, cu.column_name, tc.constraint_type FROM information_schema.TABLE_CONSTRAINTS tc JOIN information_schema.KEY_COLUMN_USAGE  cu ON tc.table_schema=cu.table_schema and tc.table_name=cu.table_name and tc.constraint_name=cu.constraint_name and tc.constraint_type='PRIMARY KEY') pk ON pk.table_schema=c.table_schema AND pk.table_name=c.table_name AND pk.column_name=c.column_name WHERE c.table_name = 'ordenes' AND c.table_schema = 'public'
Executing (default): SELECT DISTINCT tc.constraint_name as constraint_name, tc.constraint_schema as constraint_schema, tc.constraint_catalog as constraint_catalog, tc.table_name as table_name,tc.table_schema as table_schema,tc.table_catalog as table_catalog,tc.initially_deferred as initially_deferred,tc.is_deferrable as is_deferrable,kcu.column_name as column_name,ccu.table_schema  AS referenced_table_schema,ccu.table_catalog  AS referenced_table_catalog,ccu.table_name  AS referenced_table_name,ccu.column_name AS referenced_column_name FROM information_schema.table_constraints AS tc JOIN information_schema.key_column_usage AS kcu ON tc.constraint_name = kcu.constraint_name JOIN information_schema.constraint_column_usage AS ccu ON ccu.constraint_name = tc.constraint_name WHERE constraint_type = 'FOREIGN KEY' AND tc.table_name = 'ordenes' AND tc.table_catalog = 'fedeCell'
Executing (default): ALTER TABLE "ordenes" ALTER COLUMN "identifier" SET NOT NULL;ALTER TABLE "ordenes" ALTER COLUMN "identifier" DROP DEFAULT;ALTER TABLE "ordenes"  ADD UNIQUE ("identifier");ALTER TABLE "ordenes" ALTER COLUMN "identifier" TYPE VARCHAR(255)  ;
Executing (default): ALTER TABLE "ordenes" ALTER COLUMN "items" SET NOT NULL;ALTER TABLE "ordenes" ALTER COLUMN "items" DROP DEFAULT;ALTER TABLE "ordenes" ALTER COLUMN "items" TYPE JSON;
Executing (default): ALTER TABLE "ordenes" ALTER COLUMN "cellphone" SET NOT NULL;ALTER TABLE "ordenes" ALTER COLUMN "cellphone" DROP DEFAULT;ALTER TABLE "ordenes" ALTER COLUMN "cellphone" TYPE VARCHAR(255);
Executing (default): ALTER TABLE "ordenes" ALTER COLUMN "name" DROP NOT NULL;ALTER TABLE "ordenes" ALTER COLUMN "name" DROP DEFAULT;ALTER TABLE "ordenes" ALTER COLUMN "name" TYPE VARCHAR(255);
Executing (default): ALTER TABLE "ordenes" ALTER COLUMN "address" DROP NOT NULL;ALTER TABLE "ordenes" ALTER COLUMN "address" DROP DEFAULT;ALTER TABLE "ordenes" ALTER COLUMN "address" TYPE VARCHAR(255);
Executing (default): ALTER TABLE "ordenes" ALTER COLUMN "city" DROP NOT NULL;ALTER TABLE "ordenes" ALTER COLUMN "city" DROP DEFAULT;ALTER TABLE "ordenes" ALTER COLUMN "city" TYPE VARCHAR(255);
Executing (default): ALTER TABLE "ordenes" ALTER COLUMN "province" DROP NOT NULL;ALTER TABLE "ordenes" ALTER COLUMN "province" DROP DEFAULT;ALTER TABLE "ordenes" ALTER COLUMN "province" TYPE VARCHAR(255);
Executing (default): ALTER TABLE "ordenes" ALTER COLUMN "postalCode" DROP NOT NULL;ALTER TABLE "ordenes" ALTER COLUMN "postalCode" DROP DEFAULT;ALTER TABLE "ordenes" ALTER COLUMN "postalCode" TYPE VARCHAR(255);
Executing (default): ALTER TABLE "ordenes" ALTER COLUMN "shippingOption" DROP NOT NULL;ALTER TABLE "ordenes" ALTER COLUMN "shippingOption" DROP DEFAULT;ALTER TABLE "ordenes" ALTER COLUMN "shippingOption" TYPE VARCHAR(255);
Executing (default): ALTER TABLE "ordenes" ALTER COLUMN "shippingCost" DROP NOT NULL;ALTER TABLE "ordenes" ALTER COLUMN "shippingCost" DROP DEFAULT;ALTER TABLE "ordenes" ALTER COLUMN "shippingCost" TYPE DECIMAL(15,2);
Executing (default): ALTER TABLE "ordenes" ALTER COLUMN "total" SET NOT NULL;ALTER TABLE "ordenes" ALTER COLUMN "total" DROP DEFAULT;ALTER TABLE "ordenes" ALTER COLUMN "total" TYPE DECIMAL(15,2);
Executing (default): ALTER TABLE "ordenes" ALTER COLUMN "status" DROP NOT NULL;ALTER TABLE "ordenes" ALTER COLUMN "status" SET DEFAULT 'pending';ALTER TABLE "ordenes" ALTER COLUMN "status" TYPE VARCHAR(255);
Executing (default): ALTER TABLE "ordenes" ALTER COLUMN "createdAt" SET NOT NULL;ALTER TABLE "ordenes" ALTER COLUMN "createdAt" DROP DEFAULT;ALTER TABLE "ordenes" ALTER COLUMN "createdAt" TYPE TIMESTAMP WITH TIME ZONE;
Executing (default): ALTER TABLE "ordenes" ALTER COLUMN "updatedAt" SET NOT NULL;ALTER TABLE "ordenes" ALTER COLUMN "updatedAt" DROP DEFAULT;ALTER TABLE "ordenes" ALTER COLUMN "updatedAt" TYPE TIMESTAMP WITH TIME ZONE;
Executing (default): ALTER TABLE "ordenes" ALTER COLUMN "dispatchStatus" DROP NOT NULL;ALTER TABLE "ordenes" ALTER COLUMN "dispatchStatus" SET DEFAULT 'PENDIENTE';ALTER TABLE "ordenes" ALTER COLUMN "dispatchStatus" TYPE VARCHAR(255);
Executing (default): SELECT i.relname AS name, ix.indisprimary AS primary, ix.indisunique AS unique, ix.indkey AS indkey, array_agg(a.attnum) as column_indexes, array_agg(a.attname) AS column_names, pg_get_indexdef(ix.indexrelid) AS definition FROM pg_class t, pg_class i, pg_index ix, pg_attribute a WHERE t.oid = ix.indrelid AND i.oid = ix.indexrelid AND a.attrelid = t.oid AND t.relkind = 'r' and t.relname = 'ordenes' GROUP BY i.relname, ix.indexrelid, ix.indisprimary, ix.indisunique, ix.indkey ORDER BY i.relname;
Executing (default): SELECT table_name FROM information_schema.tables WHERE table_schema = 'public' AND table_name = 'responsables_catalog'
Executing (default): SELECT pk.constraint_type as "Constraint",c.column_name as "Field", c.column_default as "Default",c.is_nullable as "Null", (CASE WHEN c.udt_name = 'hstore' THEN c.udt_name ELSE c.data_type END) || (CASE WHEN c.character_maximum_length IS NOT NULL THEN '(' || c.character_maximum_length || ')' ELSE '' END) as "Type", (SELECT array_agg(e.enumlabel) FROM pg_catalog.pg_type t JOIN pg_catalog.pg_enum e ON t.oid=e.enumtypid WHERE t.typname=c.udt_name) AS "special", (SELECT pgd.description FROM pg_catalog.pg_statio_all_tables AS st INNER JOIN pg_catalog.pg_description pgd on (pgd.objoid=st.relid) WHERE c.ordinal_position=pgd.objsubid AND c.table_name=st.relname) AS "Comment" FROM information_schema.columns c LEFT JOIN (SELECT tc.table_schema, tc.table_name, cu.column_name, tc.constraint_type FROM information_schema.TABLE_CONSTRAINTS tc JOIN information_schema.KEY_COLUMN_USAGE  cu ON tc.table_schema=cu.table_schema and tc.table_name=cu.table_name and tc.constraint_name=cu.constraint_name and tc.constraint_type='PRIMARY KEY') pk ON pk.table_schema=c.table_schema AND pk.table_name=c.table_name AND pk.column_name=c.column_name WHERE c.table_name = 'responsables_catalog' AND c.table_schema = 'public'
Executing (default): SELECT DISTINCT tc.constraint_name as constraint_name, tc.constraint_schema as constraint_schema, tc.constraint_catalog as constraint_catalog, tc.table_name as table_name,tc.table_schema as table_schema,tc.table_catalog as table_catalog,tc.initially_deferred as initially_deferred,tc.is_deferrable as is_deferrable,kcu.column_name as column_name,ccu.table_schema  AS referenced_table_schema,ccu.table_catalog  AS referenced_table_catalog,ccu.table_name  AS referenced_table_name,ccu.column_name AS referenced_column_name FROM information_schema.table_constraints AS tc JOIN information_schema.key_column_usage AS kcu ON tc.constraint_name = kcu.constraint_name JOIN information_schema.constraint_column_usage AS ccu ON ccu.constraint_name = tc.constraint_name WHERE constraint_type = 'FOREIGN KEY' AND tc.table_name = 'responsables_catalog' AND tc.table_catalog = 'fedeCell'
Executing (default): ALTER TABLE "responsables_catalog" ALTER COLUMN "nombre" SET NOT NULL;ALTER TABLE "responsables_catalog" ALTER COLUMN "nombre" DROP DEFAULT;ALTER TABLE "responsables_catalog"  ADD UNIQUE ("nombre");ALTER TABLE "responsables_catalog" ALTER COLUMN "nombre" TYPE VARCHAR(255)  ;
Executing (default): SELECT i.relname AS name, ix.indisprimary AS primary, ix.indisunique AS unique, ix.indkey AS indkey, array_agg(a.attnum) as column_indexes, array_agg(a.attname) AS column_names, pg_get_indexdef(ix.indexrelid) AS definition FROM pg_class t, pg_class i, pg_index ix, pg_attribute a WHERE t.oid = ix.indrelid AND i.oid = ix.indexrelid AND a.attrelid = t.oid AND t.relkind = 'r' and t.relname = 'responsables_catalog' GROUP BY i.relname, ix.indexrelid, ix.indisprimary, ix.indisunique, ix.indkey ORDER BY i.relname;
Executing (default): SELECT table_name FROM information_schema.tables WHERE table_schema = 'public' AND table_name = 'successCases'
Executing (default): SELECT pk.constraint_type as "Constraint",c.column_name as "Field", c.column_default as "Default",c.is_nullable as "Null", (CASE WHEN c.udt_name = 'hstore' THEN c.udt_name ELSE c.data_type END) || (CASE WHEN c.character_maximum_length IS NOT NULL THEN '(' || c.character_maximum_length || ')' ELSE '' END) as "Type", (SELECT array_agg(e.enumlabel) FROM pg_catalog.pg_type t JOIN pg_catalog.pg_enum e ON t.oid=e.enumtypid WHERE t.typname=c.udt_name) AS "special", (SELECT pgd.description FROM pg_catalog.pg_statio_all_tables AS st INNER JOIN pg_catalog.pg_description pgd on (pgd.objoid=st.relid) WHERE c.ordinal_position=pgd.objsubid AND c.table_name=st.relname) AS "Comment" FROM information_schema.columns c LEFT JOIN (SELECT tc.table_schema, tc.table_name, cu.column_name, tc.constraint_type FROM information_schema.TABLE_CONSTRAINTS tc JOIN information_schema.KEY_COLUMN_USAGE  cu ON tc.table_schema=cu.table_schema and tc.table_name=cu.table_name and tc.constraint_name=cu.constraint_name and tc.constraint_type='PRIMARY KEY') pk ON pk.table_schema=c.table_schema AND pk.table_name=c.table_name AND pk.column_name=c.column_name WHERE c.table_name = 'successCases' AND c.table_schema = 'public'
Executing (default): SELECT DISTINCT tc.constraint_name as constraint_name, tc.constraint_schema as constraint_schema, tc.constraint_catalog as constraint_catalog, tc.table_name as table_name,tc.table_schema as table_schema,tc.table_catalog as table_catalog,tc.initially_deferred as initially_deferred,tc.is_deferrable as is_deferrable,kcu.column_name as column_name,ccu.table_schema  AS referenced_table_schema,ccu.table_catalog  AS referenced_table_catalog,ccu.table_name  AS referenced_table_name,ccu.column_name AS referenced_column_name FROM information_schema.table_constraints AS tc JOIN information_schema.key_column_usage AS kcu ON tc.constraint_name = kcu.constraint_name JOIN information_schema.constraint_column_usage AS ccu ON ccu.constraint_name = tc.constraint_name WHERE constraint_type = 'FOREIGN KEY' AND tc.table_name = 'successCases' AND tc.table_catalog = 'fedeCell'
Executing (default): ALTER TABLE "successCases" ALTER COLUMN "equipo" SET NOT NULL;ALTER TABLE "successCases" ALTER COLUMN "equipo" DROP DEFAULT;ALTER TABLE "successCases" ALTER COLUMN "equipo" TYPE VARCHAR(255);
Executing (default): ALTER TABLE "successCases" ALTER COLUMN "falla" SET NOT NULL;ALTER TABLE "successCases" ALTER COLUMN "falla" DROP DEFAULT;ALTER TABLE "successCases" ALTER COLUMN "falla" TYPE VARCHAR(255);
Executing (default): ALTER TABLE "successCases" ALTER COLUMN "resultado" SET NOT NULL;ALTER TABLE "successCases" ALTER COLUMN "resultado" DROP DEFAULT;ALTER TABLE "successCases" ALTER COLUMN "resultado" TYPE TEXT;
Executing (default): ALTER TABLE "successCases" ALTER COLUMN "imagen" SET NOT NULL;ALTER TABLE "successCases" ALTER COLUMN "imagen" DROP DEFAULT;ALTER TABLE "successCases" ALTER COLUMN "imagen" TYPE VARCHAR(255);
Executing (default): ALTER TABLE "successCases" ALTER COLUMN "createdAt" SET NOT NULL;ALTER TABLE "successCases" ALTER COLUMN "createdAt" DROP DEFAULT;ALTER TABLE "successCases" ALTER COLUMN "createdAt" TYPE TIMESTAMP WITH TIME ZONE;
Executing (default): ALTER TABLE "successCases" ALTER COLUMN "updatedAt" SET NOT NULL;ALTER TABLE "successCases" ALTER COLUMN "updatedAt" DROP DEFAULT;ALTER TABLE "successCases" ALTER COLUMN "updatedAt" TYPE TIMESTAMP WITH TIME ZONE;
Executing (default): ALTER TABLE "successCases" ALTER COLUMN "deletedAt" DROP NOT NULL;ALTER TABLE "successCases" ALTER COLUMN "deletedAt" DROP DEFAULT;ALTER TABLE "successCases" ALTER COLUMN "deletedAt" TYPE TIMESTAMP WITH TIME ZONE;
Executing (default): SELECT i.relname AS name, ix.indisprimary AS primary, ix.indisunique AS unique, ix.indkey AS indkey, array_agg(a.attnum) as column_indexes, array_agg(a.attname) AS column_names, pg_get_indexdef(ix.indexrelid) AS definition FROM pg_class t, pg_class i, pg_index ix, pg_attribute a WHERE t.oid = ix.indrelid AND i.oid = ix.indexrelid AND a.attrelid = t.oid AND t.relkind = 'r' and t.relname = 'successCases' GROUP BY i.relname, ix.indexrelid, ix.indisprimary, ix.indisunique, ix.indkey ORDER BY i.relname;
Executing (default): SELECT table_name FROM information_schema.tables WHERE table_schema = 'public' AND table_name = 'Dispatches'
Executing (default): SELECT t.typname enum_name, array_agg(e.enumlabel ORDER BY enumsortorder) enum_value FROM pg_type t JOIN pg_enum e ON t.oid = e.enumtypid JOIN pg_catalog.pg_namespace n ON n.oid = t.typnamespace WHERE n.nspname = 'public' AND t.typname='enum_Dispatches_dispatchStatus' GROUP BY 1
Executing (default): SELECT pk.constraint_type as "Constraint",c.column_name as "Field", c.column_default as "Default",c.is_nullable as "Null", (CASE WHEN c.udt_name = 'hstore' THEN c.udt_name ELSE c.data_type END) || (CASE WHEN c.character_maximum_length IS NOT NULL THEN '(' || c.character_maximum_length || ')' ELSE '' END) as "Type", (SELECT array_agg(e.enumlabel) FROM pg_catalog.pg_type t JOIN pg_catalog.pg_enum e ON t.oid=e.enumtypid WHERE t.typname=c.udt_name) AS "special", (SELECT pgd.description FROM pg_catalog.pg_statio_all_tables AS st INNER JOIN pg_catalog.pg_description pgd on (pgd.objoid=st.relid) WHERE c.ordinal_position=pgd.objsubid AND c.table_name=st.relname) AS "Comment" FROM information_schema.columns c LEFT JOIN (SELECT tc.table_schema, tc.table_name, cu.column_name, tc.constraint_type FROM information_schema.TABLE_CONSTRAINTS tc JOIN information_schema.KEY_COLUMN_USAGE  cu ON tc.table_schema=cu.table_schema and tc.table_name=cu.table_name and tc.constraint_name=cu.constraint_name and tc.constraint_type='PRIMARY KEY') pk ON pk.table_schema=c.table_schema AND pk.table_name=c.table_name AND pk.column_name=c.column_name WHERE c.table_name = 'Dispatches' AND c.table_schema = 'public'
Executing (default): SELECT DISTINCT tc.constraint_name as constraint_name, tc.constraint_schema as constraint_schema, tc.constraint_catalog as constraint_catalog, tc.table_name as table_name,tc.table_schema as table_schema,tc.table_catalog as table_catalog,tc.initially_deferred as initially_deferred,tc.is_deferrable as is_deferrable,kcu.column_name as column_name,ccu.table_schema  AS referenced_table_schema,ccu.table_catalog  AS referenced_table_catalog,ccu.table_name  AS referenced_table_name,ccu.column_name AS referenced_column_name FROM information_schema.table_constraints AS tc JOIN information_schema.key_column_usage AS kcu ON tc.constraint_name = kcu.constraint_name JOIN information_schema.constraint_column_usage AS ccu ON ccu.constraint_name = tc.constraint_name WHERE constraint_type = 'FOREIGN KEY' AND tc.table_name = 'Dispatches' AND tc.table_catalog = 'fedeCell'
Executing (default): ALTER TABLE "Dispatches" ALTER COLUMN "name" SET NOT NULL;ALTER TABLE "Dispatches" ALTER COLUMN "name" DROP DEFAULT;ALTER TABLE "Dispatches" ALTER COLUMN "name" TYPE VARCHAR(255);
Executing (default): ALTER TABLE "Dispatches" ALTER COLUMN "cellphone" DROP NOT NULL;ALTER TABLE "Dispatches" ALTER COLUMN "cellphone" DROP DEFAULT;ALTER TABLE "Dispatches" ALTER COLUMN "cellphone" TYPE VARCHAR(255);
Executing (default): ALTER TABLE "Dispatches" ALTER COLUMN "address" DROP NOT NULL;ALTER TABLE "Dispatches" ALTER COLUMN "address" DROP DEFAULT;ALTER TABLE "Dispatches" ALTER COLUMN "address" TYPE VARCHAR(255);
Executing (default): ALTER TABLE "Dispatches" ALTER COLUMN "city" DROP NOT NULL;ALTER TABLE "Dispatches" ALTER COLUMN "city" DROP DEFAULT;ALTER TABLE "Dispatches" ALTER COLUMN "city" TYPE VARCHAR(255);
Executing (default): ALTER TABLE "Dispatches" ALTER COLUMN "province" DROP NOT NULL;ALTER TABLE "Dispatches" ALTER COLUMN "province" DROP DEFAULT;ALTER TABLE "Dispatches" ALTER COLUMN "province" TYPE VARCHAR(255);
Executing (default): ALTER TABLE "Dispatches" ALTER COLUMN "postalCode" DROP NOT NULL;ALTER TABLE "Dispatches" ALTER COLUMN "postalCode" DROP DEFAULT;ALTER TABLE "Dispatches" ALTER COLUMN "postalCode" TYPE VARCHAR(255);
Executing (default): ALTER TABLE "Dispatches" ALTER COLUMN "shippingOption" DROP NOT NULL;ALTER TABLE "Dispatches" ALTER COLUMN "shippingOption" SET DEFAULT 'STANDARD';ALTER TABLE "Dispatches" ALTER COLUMN "shippingOption" TYPE VARCHAR(255);
Executing (default): ALTER TABLE "Dispatches" ALTER COLUMN "shippingCost" DROP NOT NULL;ALTER TABLE "Dispatches" ALTER COLUMN "shippingCost" SET DEFAULT 0;ALTER TABLE "Dispatches" ALTER COLUMN "shippingCost" TYPE DECIMAL(10,2);
Executing (default): ALTER TABLE "Dispatches" ALTER COLUMN "total" DROP NOT NULL;ALTER TABLE "Dispatches" ALTER COLUMN "total" SET DEFAULT 0;ALTER TABLE "Dispatches" ALTER COLUMN "total" TYPE DECIMAL(15,2);
Executing (default): ALTER TABLE "Dispatches" ALTER COLUMN "dispatchStatus" DROP NOT NULL;ALTER TABLE "Dispatches" ALTER COLUMN "dispatchStatus" SET DEFAULT 'PENDIENTE';DO 'BEGIN CREATE TYPE "public"."enum_Dispatches_dispatchStatus" AS ENUM(''PENDIENTE'', ''EN_CAMINO'', ''RECIBIDO''); EXCEPTION WHEN duplicate_object THEN null; END';ALTER TABLE "Dispatches" ALTER COLUMN "dispatchStatus" TYPE "public"."enum_Dispatches_dispatchStatus" USING ("dispatchStatus"::"public"."enum_Dispatches_dispatchStatus");
Executing (default): ALTER TABLE "Dispatches" ALTER COLUMN "items" DROP NOT NULL;ALTER TABLE "Dispatches" ALTER COLUMN "items" SET DEFAULT '[]';ALTER TABLE "Dispatches" ALTER COLUMN "items" TYPE JSON;
Executing (default): ALTER TABLE "Dispatches" ALTER COLUMN "tracking" DROP NOT NULL;ALTER TABLE "Dispatches" ALTER COLUMN "tracking" DROP DEFAULT;ALTER TABLE "Dispatches" ALTER COLUMN "tracking" TYPE VARCHAR(255);
Executing (default): ALTER TABLE "Dispatches" ALTER COLUMN "metadata_ecommerce" DROP NOT NULL;ALTER TABLE "Dispatches" ALTER COLUMN "metadata_ecommerce" SET DEFAULT '{}';ALTER TABLE "Dispatches" ALTER COLUMN "metadata_ecommerce" TYPE JSON;
Executing (default): ALTER TABLE "Dispatches" ALTER COLUMN "createdAt" SET NOT NULL;ALTER TABLE "Dispatches" ALTER COLUMN "createdAt" DROP DEFAULT;ALTER TABLE "Dispatches" ALTER COLUMN "createdAt" TYPE TIMESTAMP WITH TIME ZONE;
Executing (default): ALTER TABLE "Dispatches" ALTER COLUMN "updatedAt" SET NOT NULL;ALTER TABLE "Dispatches" ALTER COLUMN "updatedAt" DROP DEFAULT;ALTER TABLE "Dispatches" ALTER COLUMN "updatedAt" TYPE TIMESTAMP WITH TIME ZONE;
Executing (default): ALTER TABLE "Dispatches" ALTER COLUMN "deletedAt" DROP NOT NULL;ALTER TABLE "Dispatches" ALTER COLUMN "deletedAt" DROP DEFAULT;ALTER TABLE "Dispatches" ALTER COLUMN "deletedAt" TYPE TIMESTAMP WITH TIME ZONE;
Executing (default): SELECT i.relname AS name, ix.indisprimary AS primary, ix.indisunique AS unique, ix.indkey AS indkey, array_agg(a.attnum) as column_indexes, array_agg(a.attname) AS column_names, pg_get_indexdef(ix.indexrelid) AS definition FROM pg_class t, pg_class i, pg_index ix, pg_attribute a WHERE t.oid = ix.indrelid AND i.oid = ix.indexrelid AND a.attrelid = t.oid AND t.relkind = 'r' and t.relname = 'Dispatches' GROUP BY i.relname, ix.indexrelid, ix.indisprimary, ix.indisunique, ix.indkey ORDER BY i.relname;
Executing (default): SELECT table_name FROM information_schema.tables WHERE table_schema = 'public' AND table_name = 'reparaciones'
Executing (default): SELECT t.typname enum_name, array_agg(e.enumlabel ORDER BY enumsortorder) enum_value FROM pg_type t JOIN pg_enum e ON t.oid = e.enumtypid JOIN pg_catalog.pg_namespace n ON n.oid = t.typnamespace WHERE n.nspname = 'public' AND t.typname='enum_reparaciones_estado' GROUP BY 1
Executing (default): SELECT pk.constraint_type as "Constraint",c.column_name as "Field", c.column_default as "Default",c.is_nullable as "Null", (CASE WHEN c.udt_name = 'hstore' THEN c.udt_name ELSE c.data_type END) || (CASE WHEN c.character_maximum_length IS NOT NULL THEN '(' || c.character_maximum_length || ')' ELSE '' END) as "Type", (SELECT array_agg(e.enumlabel) FROM pg_catalog.pg_type t JOIN pg_catalog.pg_enum e ON t.oid=e.enumtypid WHERE t.typname=c.udt_name) AS "special", (SELECT pgd.description FROM pg_catalog.pg_statio_all_tables AS st INNER JOIN pg_catalog.pg_description pgd on (pgd.objoid=st.relid) WHERE c.ordinal_position=pgd.objsubid AND c.table_name=st.relname) AS "Comment" FROM information_schema.columns c LEFT JOIN (SELECT tc.table_schema, tc.table_name, cu.column_name, tc.constraint_type FROM information_schema.TABLE_CONSTRAINTS tc JOIN information_schema.KEY_COLUMN_USAGE  cu ON tc.table_schema=cu.table_schema and tc.table_name=cu.table_name and tc.constraint_name=cu.constraint_name and tc.constraint_type='PRIMARY KEY') pk ON pk.table_schema=c.table_schema AND pk.table_name=c.table_name AND pk.column_name=c.column_name WHERE c.table_name = 'reparaciones' AND c.table_schema = 'public'
Executing (default): SELECT DISTINCT tc.constraint_name as constraint_name, tc.constraint_schema as constraint_schema, tc.constraint_catalog as constraint_catalog, tc.table_name as table_name,tc.table_schema as table_schema,tc.table_catalog as table_catalog,tc.initially_deferred as initially_deferred,tc.is_deferrable as is_deferrable,kcu.column_name as column_name,ccu.table_schema  AS referenced_table_schema,ccu.table_catalog  AS referenced_table_catalog,ccu.table_name  AS referenced_table_name,ccu.column_name AS referenced_column_name FROM information_schema.table_constraints AS tc JOIN information_schema.key_column_usage AS kcu ON tc.constraint_name = kcu.constraint_name JOIN information_schema.constraint_column_usage AS ccu ON ccu.constraint_name = tc.constraint_name WHERE constraint_type = 'FOREIGN KEY' AND tc.table_name = 'reparaciones' AND tc.table_catalog = 'fedeCell'
Executing (default): ALTER TABLE "reparaciones" ALTER COLUMN "numeroOrden" SET NOT NULL;ALTER TABLE "reparaciones" ALTER COLUMN "numeroOrden" DROP DEFAULT;ALTER TABLE "reparaciones"  ADD UNIQUE ("numeroOrden");ALTER TABLE "reparaciones" ALTER COLUMN "numeroOrden" TYPE VARCHAR(100)  ;
Executing (default): ALTER TABLE "reparaciones" ALTER COLUMN "fechaIngreso" DROP NOT NULL;ALTER TABLE "reparaciones" ALTER COLUMN "fechaIngreso" DROP DEFAULT;ALTER TABLE "reparaciones" ALTER COLUMN "fechaIngreso" TYPE DATE;
Executing (default): ALTER TABLE "reparaciones" ALTER COLUMN "tecnicoResponsable" SET NOT NULL;ALTER TABLE "reparaciones" ALTER COLUMN "tecnicoResponsable" DROP DEFAULT;ALTER TABLE "reparaciones" ALTER COLUMN "tecnicoResponsable" TYPE VARCHAR(255);
Executing (default): ALTER TABLE "reparaciones" ALTER COLUMN "nombreDueno" SET NOT NULL;ALTER TABLE "reparaciones" ALTER COLUMN "nombreDueno" DROP DEFAULT;ALTER TABLE "reparaciones" ALTER COLUMN "nombreDueno" TYPE VARCHAR(255);
Executing (default): ALTER TABLE "reparaciones" ALTER COLUMN "celular" SET NOT NULL;ALTER TABLE "reparaciones" ALTER COLUMN "celular" DROP DEFAULT;ALTER TABLE "reparaciones" ALTER COLUMN "celular" TYPE VARCHAR(50);
Executing (default): ALTER TABLE "reparaciones" ALTER COLUMN "direccion" DROP NOT NULL;ALTER TABLE "reparaciones" ALTER COLUMN "direccion" DROP DEFAULT;ALTER TABLE "reparaciones" ALTER COLUMN "direccion" TYPE VARCHAR(255);
Executing (default): ALTER TABLE "reparaciones" ALTER COLUMN "modeloEquipo" SET NOT NULL;ALTER TABLE "reparaciones" ALTER COLUMN "modeloEquipo" DROP DEFAULT;ALTER TABLE "reparaciones" ALTER COLUMN "modeloEquipo" TYPE VARCHAR(255);
Executing (default): ALTER TABLE "reparaciones" ALTER COLUMN "numeroSerie" DROP NOT NULL;ALTER TABLE "reparaciones" ALTER COLUMN "numeroSerie" DROP DEFAULT;ALTER TABLE "reparaciones" ALTER COLUMN "numeroSerie" TYPE VARCHAR(255);
Executing (default): ALTER TABLE "reparaciones" ALTER COLUMN "codigoBloqueo" DROP NOT NULL;ALTER TABLE "reparaciones" ALTER COLUMN "codigoBloqueo" DROP DEFAULT;ALTER TABLE "reparaciones" ALTER COLUMN "codigoBloqueo" TYPE VARCHAR(100);
Executing (default): ALTER TABLE "reparaciones" ALTER COLUMN "estadoPantalla" DROP NOT NULL;ALTER TABLE "reparaciones" ALTER COLUMN "estadoPantalla" DROP DEFAULT;ALTER TABLE "reparaciones" ALTER COLUMN "estadoPantalla" TYPE VARCHAR(100);
Executing (default): ALTER TABLE "reparaciones" ALTER COLUMN "caracteristicasEquipo" DROP NOT NULL;ALTER TABLE "reparaciones" ALTER COLUMN "caracteristicasEquipo" DROP DEFAULT;ALTER TABLE "reparaciones" ALTER COLUMN "caracteristicasEquipo" TYPE TEXT;
Executing (default): ALTER TABLE "reparaciones" ALTER COLUMN "defectosFallas" SET NOT NULL;ALTER TABLE "reparaciones" ALTER COLUMN "defectosFallas" DROP DEFAULT;ALTER TABLE "reparaciones" ALTER COLUMN "defectosFallas" TYPE TEXT;
Executing (default): ALTER TABLE "reparaciones" ALTER COLUMN "detallesPresupuesto" DROP NOT NULL;ALTER TABLE "reparaciones" ALTER COLUMN "detallesPresupuesto" DROP DEFAULT;ALTER TABLE "reparaciones" ALTER COLUMN "detallesPresupuesto" TYPE TEXT;
Executing (default): ALTER TABLE "reparaciones" ALTER COLUMN "montoAPagar" SET NOT NULL;ALTER TABLE "reparaciones" ALTER COLUMN "montoAPagar" DROP DEFAULT;ALTER TABLE "reparaciones" ALTER COLUMN "montoAPagar" TYPE DECIMAL(12,2);
Executing (default): ALTER TABLE "reparaciones" ALTER COLUMN "notaTecnica" DROP NOT NULL;ALTER TABLE "reparaciones" ALTER COLUMN "notaTecnica" DROP DEFAULT;ALTER TABLE "reparaciones" ALTER COLUMN "notaTecnica" TYPE TEXT;
Executing (default): ALTER TABLE "reparaciones" ALTER COLUMN "estado" SET NOT NULL;ALTER TABLE "reparaciones" ALTER COLUMN "estado" SET DEFAULT 'Pendiente';DO 'BEGIN CREATE TYPE "public"."enum_reparaciones_estado" AS ENUM(''Pendiente'', ''En Reparaci├│n'', ''Finalizado'', ''Entregado''); EXCEPTION WHEN duplicate_object THEN null; END';ALTER TABLE "reparaciones" ALTER COLUMN "estado" TYPE "public"."enum_reparaciones_estado" USING ("estado"::"public"."enum_reparaciones_estado");
Executing (default): ALTER TABLE "reparaciones" ALTER COLUMN "createdAt" SET NOT NULL;ALTER TABLE "reparaciones" ALTER COLUMN "createdAt" DROP DEFAULT;ALTER TABLE "reparaciones" ALTER COLUMN "createdAt" TYPE TIMESTAMP WITH TIME ZONE;
Executing (default): ALTER TABLE "reparaciones" ALTER COLUMN "updatedAt" SET NOT NULL;ALTER TABLE "reparaciones" ALTER COLUMN "updatedAt" DROP DEFAULT;ALTER TABLE "reparaciones" ALTER COLUMN "updatedAt" TYPE TIMESTAMP WITH TIME ZONE;
Executing (default): ALTER TABLE "reparaciones" ALTER COLUMN "dni" DROP NOT NULL;ALTER TABLE "reparaciones" ALTER COLUMN "dni" DROP DEFAULT;ALTER TABLE "reparaciones" ALTER COLUMN "dni" TYPE VARCHAR(50);
Executing (default): SELECT i.relname AS name, ix.indisprimary AS primary, ix.indisunique AS unique, ix.indkey AS indkey, array_agg(a.attnum) as column_indexes, array_agg(a.attname) AS column_names, pg_get_indexdef(ix.indexrelid) AS definition FROM pg_class t, pg_class i, pg_index ix, pg_attribute a WHERE t.oid = ix.indrelid AND i.oid = ix.indexrelid AND a.attrelid = t.oid AND t.relkind = 'r' and t.relname = 'reparaciones' GROUP BY i.relname, ix.indexrelid, ix.indisprimary, ix.indisunique, ix.indkey ORDER BY i.relname;
Executing (default): SELECT table_name FROM information_schema.tables WHERE table_schema = 'public' AND table_name = 'clients'
Executing (default): SELECT pk.constraint_type as "Constraint",c.column_name as "Field", c.column_default as "Default",c.is_nullable as "Null", (CASE WHEN c.udt_name = 'hstore' THEN c.udt_name ELSE c.data_type END) || (CASE WHEN c.character_maximum_length IS NOT NULL THEN '(' || c.character_maximum_length || ')' ELSE '' END) as "Type", (SELECT array_agg(e.enumlabel) FROM pg_catalog.pg_type t JOIN pg_catalog.pg_enum e ON t.oid=e.enumtypid WHERE t.typname=c.udt_name) AS "special", (SELECT pgd.description FROM pg_catalog.pg_statio_all_tables AS st INNER JOIN pg_catalog.pg_description pgd on (pgd.objoid=st.relid) WHERE c.ordinal_position=pgd.objsubid AND c.table_name=st.relname) AS "Comment" FROM information_schema.columns c LEFT JOIN (SELECT tc.table_schema, tc.table_name, cu.column_name, tc.constraint_type FROM information_schema.TABLE_CONSTRAINTS tc JOIN information_schema.KEY_COLUMN_USAGE  cu ON tc.table_schema=cu.table_schema and tc.table_name=cu.table_name and tc.constraint_name=cu.constraint_name and tc.constraint_type='PRIMARY KEY') pk ON pk.table_schema=c.table_schema AND pk.table_name=c.table_name AND pk.column_name=c.column_name WHERE c.table_name = 'clients' AND c.table_schema = 'public'
Executing (default): SELECT DISTINCT tc.constraint_name as constraint_name, tc.constraint_schema as constraint_schema, tc.constraint_catalog as constraint_catalog, tc.table_name as table_name,tc.table_schema as table_schema,tc.table_catalog as table_catalog,tc.initially_deferred as initially_deferred,tc.is_deferrable as is_deferrable,kcu.column_name as column_name,ccu.table_schema  AS referenced_table_schema,ccu.table_catalog  AS referenced_table_catalog,ccu.table_name  AS referenced_table_name,ccu.column_name AS referenced_column_name FROM information_schema.table_constraints AS tc JOIN information_schema.key_column_usage AS kcu ON tc.constraint_name = kcu.constraint_name JOIN information_schema.constraint_column_usage AS ccu ON ccu.constraint_name = tc.constraint_name WHERE constraint_type = 'FOREIGN KEY' AND tc.table_name = 'clients' AND tc.table_catalog = 'fedeCell'
Executing (default): ALTER TABLE "clients" ALTER COLUMN "nombre" SET NOT NULL;ALTER TABLE "clients" ALTER COLUMN "nombre" DROP DEFAULT;ALTER TABLE "clients" ALTER COLUMN "nombre" TYPE VARCHAR(255);
Executing (default): ALTER TABLE "clients" ALTER COLUMN "telefono" DROP NOT NULL;ALTER TABLE "clients" ALTER COLUMN "telefono" DROP DEFAULT;ALTER TABLE "clients" ALTER COLUMN "telefono" TYPE VARCHAR(255);
Executing (default): ALTER TABLE "clients" ALTER COLUMN "dni" DROP NOT NULL;ALTER TABLE "clients" ALTER COLUMN "dni" DROP DEFAULT;ALTER TABLE "clients"  ADD UNIQUE ("dni");ALTER TABLE "clients" ALTER COLUMN "dni" TYPE VARCHAR(255) ;
Executing (default): ALTER TABLE "clients" ALTER COLUMN "direccion" DROP NOT NULL;ALTER TABLE "clients" ALTER COLUMN "direccion" DROP DEFAULT;ALTER TABLE "clients" ALTER COLUMN "direccion" TYPE VARCHAR(255);
Executing (default): ALTER TABLE "clients" ALTER COLUMN "createdAt" SET NOT NULL;ALTER TABLE "clients" ALTER COLUMN "createdAt" DROP DEFAULT;ALTER TABLE "clients" ALTER COLUMN "createdAt" TYPE TIMESTAMP WITH TIME ZONE;
Executing (default): ALTER TABLE "clients" ALTER COLUMN "updatedAt" SET NOT NULL;ALTER TABLE "clients" ALTER COLUMN "updatedAt" DROP DEFAULT;ALTER TABLE "clients" ALTER COLUMN "updatedAt" TYPE TIMESTAMP WITH TIME ZONE;
Executing (default): ALTER TABLE "clients" ALTER COLUMN "deletedAt" DROP NOT NULL;ALTER TABLE "clients" ALTER COLUMN "deletedAt" DROP DEFAULT;ALTER TABLE "clients" ALTER COLUMN "deletedAt" TYPE TIMESTAMP WITH TIME ZONE;
Executing (default): SELECT i.relname AS name, ix.indisprimary AS primary, ix.indisunique AS unique, ix.indkey AS indkey, array_agg(a.attnum) as column_indexes, array_agg(a.attname) AS column_names, pg_get_indexdef(ix.indexrelid) AS definition FROM pg_class t, pg_class i, pg_index ix, pg_attribute a WHERE t.oid = ix.indrelid AND i.oid = ix.indexrelid AND a.attrelid = t.oid AND t.relkind = 'r' and t.relname = 'clients' GROUP BY i.relname, ix.indexrelid, ix.indisprimary, ix.indisunique, ix.indkey ORDER BY i.relname;
Executing (default): SELECT table_name FROM information_schema.tables WHERE table_schema = 'public' AND table_name = 'Product_cart'
Executing (default): SELECT pk.constraint_type as "Constraint",c.column_name as "Field", c.column_default as "Default",c.is_nullable as "Null", (CASE WHEN c.udt_name = 'hstore' THEN c.udt_name ELSE c.data_type END) || (CASE WHEN c.character_maximum_length IS NOT NULL THEN '(' || c.character_maximum_length || ')' ELSE '' END) as "Type", (SELECT array_agg(e.enumlabel) FROM pg_catalog.pg_type t JOIN pg_catalog.pg_enum e ON t.oid=e.enumtypid WHERE t.typname=c.udt_name) AS "special", (SELECT pgd.description FROM pg_catalog.pg_statio_all_tables AS st INNER JOIN pg_catalog.pg_description pgd on (pgd.objoid=st.relid) WHERE c.ordinal_position=pgd.objsubid AND c.table_name=st.relname) AS "Comment" FROM information_schema.columns c LEFT JOIN (SELECT tc.table_schema, tc.table_name, cu.column_name, tc.constraint_type FROM information_schema.TABLE_CONSTRAINTS tc JOIN information_schema.KEY_COLUMN_USAGE  cu ON tc.table_schema=cu.table_schema and tc.table_name=cu.table_name and tc.constraint_name=cu.constraint_name and tc.constraint_type='PRIMARY KEY') pk ON pk.table_schema=c.table_schema AND pk.table_name=c.table_name AND pk.column_name=c.column_name WHERE c.table_name = 'Product_cart' AND c.table_schema = 'public'
Executing (default): SELECT DISTINCT tc.constraint_name as constraint_name, tc.constraint_schema as constraint_schema, tc.constraint_catalog as constraint_catalog, tc.table_name as table_name,tc.table_schema as table_schema,tc.table_catalog as table_catalog,tc.initially_deferred as initially_deferred,tc.is_deferrable as is_deferrable,kcu.column_name as column_name,ccu.table_schema  AS referenced_table_schema,ccu.table_catalog  AS referenced_table_catalog,ccu.table_name  AS referenced_table_name,ccu.column_name AS referenced_column_name FROM information_schema.table_constraints AS tc JOIN information_schema.key_column_usage AS kcu ON tc.constraint_name = kcu.constraint_name JOIN information_schema.constraint_column_usage AS ccu ON ccu.constraint_name = tc.constraint_name WHERE constraint_type = 'FOREIGN KEY' AND tc.table_name = 'Product_cart' AND tc.table_catalog = 'fedeCell'
Executing (default): ALTER TABLE "Product_cart" ALTER COLUMN "createdAt" SET NOT NULL;ALTER TABLE "Product_cart" ALTER COLUMN "createdAt" DROP DEFAULT;ALTER TABLE "Product_cart" ALTER COLUMN "createdAt" TYPE TIMESTAMP WITH TIME ZONE;
Executing (default): ALTER TABLE "Product_cart" ALTER COLUMN "updatedAt" SET NOT NULL;ALTER TABLE "Product_cart" ALTER COLUMN "updatedAt" DROP DEFAULT;ALTER TABLE "Product_cart" ALTER COLUMN "updatedAt" TYPE TIMESTAMP WITH TIME ZONE;
Executing (default): SELECT i.relname AS name, ix.indisprimary AS primary, ix.indisunique AS unique, ix.indkey AS indkey, array_agg(a.attnum) as column_indexes, array_agg(a.attname) AS column_names, pg_get_indexdef(ix.indexrelid) AS definition FROM pg_class t, pg_class i, pg_index ix, pg_attribute a WHERE t.oid = ix.indrelid AND i.oid = ix.indexrelid AND a.attrelid = t.oid AND t.relkind = 'r' and t.relname = 'Product_cart' GROUP BY i.relname, ix.indexrelid, ix.indisprimary, ix.indisunique, ix.indkey ORDER BY i.relname;
Γ£¿ Base de datos sincronizada: Columnas actualizadas correctamente.
Executing (default): SELECT version() as postgres_version
≡ƒöì Versi├│n de PostgreSQL: PostgreSQL 16.6, compiled by Visual C++ build 1942, 64-bit
